Component: ARM Compiler 5.06 update 6 (build 750) Tool: armlink [4d35ed]

==============================================================================

Section Cross References

    main.o(i.advertising_init) refers to memseta.o(.text) for __aeabi_memclr4
    main.o(i.advertising_init) refers to ble_advertising.o(i.ble_advertising_init) for ble_advertising_init
    main.o(i.advertising_init) refers to app_error.o(i.app_error_handler_bare) for app_error_handler_bare
    main.o(i.advertising_init) refers to ble_advertising.o(i.ble_advertising_conn_cfg_tag_set) for ble_advertising_conn_cfg_tag_set
    main.o(i.advertising_init) refers to main.o(i.on_adv_evt) for on_adv_evt
    main.o(i.advertising_init) refers to main.o(i.ble_advertising_error_handler) for ble_advertising_error_handler
    main.o(i.advertising_init) refers to main.o(.bss) for .bss
    main.o(i.advertising_start) refers to nrf_log_frontend.o(i.nrf_log_frontend_std_0) for nrf_log_frontend_std_0
    main.o(i.advertising_start) refers to peer_manager.o(i.pm_peers_delete) for pm_peers_delete
    main.o(i.advertising_start) refers to main.o(i.whitelist_set) for whitelist_set
    main.o(i.advertising_start) refers to ble_advertising.o(i.ble_advertising_start) for ble_advertising_start
    main.o(i.advertising_start) refers to app_error.o(i.app_error_handler_bare) for app_error_handler_bare
    main.o(i.advertising_start) refers to nrf_log_frontend.o(log_const_data) for m_nrf_log_app_logs_data_const
    main.o(i.advertising_start) refers to main.o(.bss) for .bss
    main.o(i.assert_nrf_callback) refers to app_error_handler_keil.o(.emb_text) for app_error_handler
    main.o(i.ble_advertising_error_handler) refers to app_error.o(i.app_error_handler_bare) for app_error_handler_bare
    main.o(i.ble_evt_handler) refers to peer_manager_handler.o(i.pm_handler_secure_on_connection) for pm_handler_secure_on_connection
    main.o(i.ble_evt_handler) refers to nrf_log_frontend.o(i.nrf_log_frontend_std_0) for nrf_log_frontend_std_0
    main.o(i.ble_evt_handler) refers to ble_conn_state.o(i.ble_conn_state_for_each_set_user_flag) for ble_conn_state_for_each_set_user_flag
    main.o(i.ble_evt_handler) refers to main.o(i.update_advertising_manuf_data_whitelist_off) for update_advertising_manuf_data_whitelist_off
    main.o(i.ble_evt_handler) refers to bsp.o(i.bsp_indication_set) for bsp_indication_set
    main.o(i.ble_evt_handler) refers to app_error.o(i.app_error_handler_bare) for app_error_handler_bare
    main.o(i.ble_evt_handler) refers to nrf_ble_bms.o(i.nrf_ble_bms_set_conn_handle) for nrf_ble_bms_set_conn_handle
    main.o(i.ble_evt_handler) refers to nrf_ble_qwr.o(i.nrf_ble_qwr_conn_handle_assign) for nrf_ble_qwr_conn_handle_assign
    main.o(i.ble_evt_handler) refers to nrf_log_frontend.o(log_const_data) for m_nrf_log_app_logs_data_const
    main.o(i.ble_evt_handler) refers to main.o(.data) for .data
    main.o(i.ble_evt_handler) refers to main.o(i.bond_delete) for bond_delete
    main.o(i.ble_evt_handler) refers to main.o(.bss) for .bss
    main.o(i.bms_evt_handler) refers to memcmp.o(.text) for memcmp
    main.o(i.bms_evt_handler) refers to nrf_ble_bms.o(i.nrf_ble_bms_auth_response) for nrf_ble_bms_auth_response
    main.o(i.bms_evt_handler) refers to app_error.o(i.app_error_handler_bare) for app_error_handler_bare
    main.o(i.bms_evt_handler) refers to main.o(.data) for .data
    main.o(i.bms_evt_handler) refers to main.o(.bss) for .bss
    main.o(i.bond_delete) refers to ble_conn_state.o(i.ble_conn_state_status) for ble_conn_state_status
    main.o(i.bond_delete) refers to peer_manager.o(i.pm_peer_id_get) for pm_peer_id_get
    main.o(i.bond_delete) refers to app_error.o(i.app_error_handler_bare) for app_error_handler_bare
    main.o(i.bond_delete) refers to peer_manager.o(i.pm_peer_delete) for pm_peer_delete
    main.o(i.bond_delete) refers to ble_conn_state.o(i.ble_conn_state_user_flag_set) for ble_conn_state_user_flag_set
    main.o(i.bond_delete) refers to main.o(.data) for .data
    main.o(i.bsp_event_handler) refers to bsp.o(i.bsp_indication_set) for bsp_indication_set
    main.o(i.bsp_event_handler) refers to app_error.o(i.app_error_handler_bare) for app_error_handler_bare
    main.o(i.bsp_event_handler) refers to bsp_btn_ble.o(i.bsp_btn_ble_sleep_mode_prepare) for bsp_btn_ble_sleep_mode_prepare
    main.o(i.bsp_event_handler) refers to peer_manager.o(i.pm_peer_count) for pm_peer_count
    main.o(i.bsp_event_handler) refers to ble_advertising.o(i.ble_advertising_start_without_whitelist) for ble_advertising_start_without_whitelist
    main.o(i.bsp_event_handler) refers to main.o(i.advertising_start) for advertising_start
    main.o(i.bsp_event_handler) refers to nrf_log_frontend.o(i.nrf_log_frontend_std_0) for nrf_log_frontend_std_0
    main.o(i.bsp_event_handler) refers to ble_advertising.o(i.ble_advertising_restart_without_whitelist) for ble_advertising_restart_without_whitelist
[...]
    0x00027a58   0x00027a58   0x000000ac   Code   RO            4    i.advertising_init  main.o
    0x00027b04   0x00027b04   0x00000058   Code   RO            5    i.advertising_start  main.o
    0x00027b5c   0x00027b5c   0x00000052   Code   RO         1601    i.ah                id_manager.o
    0x00027bae   0x00027bae   0x00000006   Code   RO          584    i.alert_timer_handler  bsp.o
    0x00027bb4   0x00027bb4   0x0000000c   Code   RO         2838    i.allow_repairing   security_dispatcher.o
    0x00027bc0   0x00027bc0   0x00000024   Code   RO         4427    i.app_button_enable  app_button.o
    0x00027be4   0x00027be4   0x00000080   Code   RO         4428    i.app_button_init   app_button.o
    0x00027c64   0x00027c64   0x00000084   Code   RO         4585    i.app_error_fault_handler  app_error_weak.o
    0x00027ce8   0x00027ce8   0x00000016   Code   RO         4525    i.app_error_handler_bare  app_error.o
    0x00027cfe   0x00027cfe   0x00000002   PAD
    0x00027d00   0x00027d00   0x0000000c   Code   RO         4680    i.app_timer_cnt_get  app_timer2.o
    0x00027d0c   0x00027d0c   0x00000016   Code   RO         4681    i.app_timer_create  app_timer2.o
    0x00027d22   0x00027d22   0x00000002   PAD
    0x00027d24   0x00027d24   0x0000005c   Code   RO         4682    i.app_timer_init    app_timer2.o
    0x00027d80   0x00027d80   0x00000030   Code   RO         4685    i.app_timer_start   app_timer2.o
    0x00027db0   0x00027db0   0x0000000c   Code   RO         4686    i.app_timer_stop    app_timer2.o
    0x00027dbc   0x00027dbc   0x00000048   Code   RO         4821    i.app_util_critical_region_enter  app_util_platform.o
    0x00027e04   0x00027e04   0x00000034   Code   RO         4822    i.app_util_critical_region_exit  app_util_platform.o
    0x00027e38   0x00027e38   0x00000076   Code   RO         4058    i.apply_config      nrfx_uart.o
    0x00027eae   0x00027eae   0x00000076   Code   RO         4256    i.apply_config      nrfx_uarte.o
    0x00027f24   0x00027f24   0x00000004   Code   RO         1339    i.apply_pending_handle  gatt_cache_manager.o
    0x00027f28   0x00027f28   0x00000180   Code   RO         2839    i.auth_status_success_process  security_dispatcher.o
    0x000280a8   0x000280a8   0x00000182   Code   RO          829    i.ble_advdata_encode  ble_advdata.o
    0x0002822a   0x0002822a   0x00000020   Code   RO          831    i.ble_advdata_parse  ble_advdata.o
    0x0002824a   0x0002824a   0x00000046   Code   RO          832    i.ble_advdata_search  ble_advdata.o
    0x00028290   0x00028290   0x000000a0   Code   RO          936    i.ble_advertising_advdata_update  ble_advertising.o
    0x00028330   0x00028330   0x00000006   Code   RO          937    i.ble_advertising_conn_cfg_tag_set  ble_advertising.o
    0x00028336   0x00028336   0x00000004   Code   RO            7    i.ble_advertising_error_handler  main.o
    0x0002833a   0x0002833a   0x000000e8   Code   RO          938    i.ble_advertising_init  ble_advertising.o
    0x00028422   0x00028422   0x0000006a   Code   RO          940    i.ble_advertising_on_ble_evt  ble_advertising.o
    0x0002848c   0x0002848c   0x0000003a   Code   RO          942    i.ble_advertising_restart_without_whitelist  ble_advertising.o
    0x000284c6   0x000284c6   0x00000002   PAD
    0x000284c8   0x000284c8   0x0000027c   Code   RO          943    i.ble_advertising_start  ble_advertising.o
    0x00028744   0x00028744   0x00000028   Code   RO          944    i.ble_advertising_start_without_whitelist  ble_advertising.o
    0x0002876c   0x0002876c   0x0000005c   Code   RO          945    i.ble_advertising_whitelist_reply  ble_advertising.o
    0x000287c8   0x000287c8   0x00000068   Code   RO         1034    i.ble_conn_params_init  ble_conn_params.o
    0x00028830   0x00028830   0x00000020   Code   RO         1110    i.ble_conn_state_encrypted  ble_conn_state.o
    0x00028850   0x00028850   0x0000002c   Code   RO         1112    i.ble_conn_state_for_each_set_user_flag  ble_conn_state.o
    0x0002887c   0x0002887c   0x00000020   Code   RO         1114    i.ble_conn_state_lesc  ble_conn_state.o
    0x0002889c   0x0002889c   0x00000020   Code   RO         1115    i.ble_conn_state_mitm_protected  ble_conn_state.o
    0x000288bc   0x000288bc   0x00000024   Code   RO         1118    i.ble_conn_state_role  ble_conn_state.o
    0x000288e0   0x000288e0   0x00000024   Code   RO         1119    i.ble_conn_state_status  ble_conn_state.o
    0x00028904   0x00028904   0x00000018   Code   RO         1120    i.ble_conn_state_user_flag_acquire  ble_conn_state.o
    0x0002891c   0x0002891c   0x00000030   Code   RO         1121    i.ble_conn_state_user_flag_get  ble_conn_state.o
    0x0002894c   0x0002894c   0x00000038   Code   RO         1122    i.ble_conn_state_user_flag_set  ble_conn_state.o
    0x00028984   0x00028984   0x00000014   Code   RO         1123    i.ble_conn_state_valid  ble_conn_state.o
    0x00028998   0x00028998   0x00000060   Code   RO          835    i.ble_device_addr_encode  ble_advdata.o
    0x000289f8   0x000289f8   0x0000013c   Code   RO         3154    i.ble_dis_init      ble_dis.o
    0x00028b34   0x00028b34   0x000000e4   Code   RO            8    i.ble_evt_handler   main.o
    0x00028c18   0x00028c18   0x00000050   Code   RO          702    i.ble_evt_handler   bsp_btn_ble.o
    0x00028c68   0x00028c68   0x000000fc   Code   RO         1036    i.ble_evt_handler   ble_conn_params.o
    0x00028d64   0x00028d64   0x00000118   Code   RO         1124    i.ble_evt_handler   ble_conn_state.o
    0x00028e7c   0x00028e7c   0x00000028   Code   RO         2382    i.ble_evt_handler   peer_manager.o
    0x00028ea4   0x00028ea4   0x00000012   Code   RO         1277    i.ble_srv_ascii_to_utf8  ble_srv_common.o
    0x00028eb6   0x00028eb6   0x00000008   Code   RO         1279    i.ble_srv_is_notification_enabled  ble_srv_common.o
    0x00028ebe   0x00028ebe   0x00000002   PAD
    0x00028ec0   0x00028ec0   0x00000040   Code   RO            9    i.bms_evt_handler   main.o
    0x00028f00   0x00028f00   0x00000048   Code   RO           10    i.bond_delete       main.o
    0x00028f48   0x00028f48   0x0000000c   Code   RO          466    i.bsp_board_button_idx_to_pin  boards.o
    0x00028f54   0x00028f54   0x00000028   Code   RO          467    i.bsp_board_button_state_get  boards.o
    0x00028f7c   0x00028f7c   0x00000054   Code   RO          468    i.bsp_board_init    boards.o
    0x00028fd0   0x00028fd0   0x0000002c   Code   RO          470    i.bsp_board_led_invert  boards.o
    0x00028ffc   0x00028ffc   0x00000010   Code   RO          471    i.bsp_board_led_off  boards.o
    0x0002900c   0x0002900c   0x00000010   Code   RO          472    i.bsp_board_led_on  boards.o
    0x0002901c   0x0002901c   0x00000028   Code   RO          473    i.bsp_board_led_state_get  boards.o
    0x00029044   0x00029044   0x00000012   Code   RO          474    i.bsp_board_leds_off  boards.o
    0x00029056   0x00029056   0x00000012   Code   RO          475    i.bsp_board_leds_on  boards.o
    0x00029068   0x00029068   0x00000024   Code   RO          476    i.bsp_board_pin_to_button_idx  boards.o
    0x0002908c   0x0002908c   0x00000038   Code   RO          703    i.bsp_btn_ble_init  bsp_btn_ble.o
    0x000290c4   0x000290c4   0x0000001e   Code   RO          704    i.bsp_btn_ble_sleep_mode_prepare  bsp_btn_ble.o
    0x000290e2   0x000290e2   0x00000002   PAD
    0x000290e4   0x000290e4   0x00000090   Code   RO          585    i.bsp_button_event_handler  bsp.o
    0x00029174   0x00029174   0x0000000c   Code   RO          586    i.bsp_button_is_pressed  bsp.o
    0x00029180   0x00029180   0x000000b8   Code   RO           11    i.bsp_event_handler  main.o
    0x00029238   0x00029238   0x00000044   Code   RO          589    i.bsp_event_to_button_action_assign  bsp.o
    0x0002927c   0x0002927c   0x00000018   Code   RO          590    i.bsp_indication_set  bsp.o
    0x00029294   0x00029294   0x00000094   Code   RO          591    i.bsp_init          bsp.o
    0x00029328   0x00029328   0x000001c8   Code   RO          592    i.bsp_led_indication  bsp.o
    0x000294f0   0x000294f0   0x00000006   Code   RO          594    i.bsp_wakeup_button_enable  bsp.o
    0x000294f6   0x000294f6   0x00000002   PAD
    0x000294f8   0x000294f8   0x00000094   Code   RO         6541    i.buf_prealloc      nrf_log_frontend.o
    0x0002958c   0x0002958c   0x0000002e   Code   RO         5800    i.buffer_add        nrf_fprintf_format.o
    0x000295ba   0x000295ba   0x00000002   PAD
    0x000295bc   0x000295bc   0x00000018   Code   RO         6542    i.buffer_is_empty   nrf_log_frontend.o
    0x000295d4   0x000295d4   0x00000028   Code   RO         4430    i.button_get        app_button.o
    0x000295fc   0x000295fc   0x00000008   Code   RO          595    i.button_timer_handler  bsp.o
    0x00029604   0x00029604   0x00000028   Code   RO         1340    i.car_update_needed  gatt_cache_manager.o
    0x0002962c   0x0002962c   0x00000040   Code   RO         1341    i.car_update_pending_handle  gatt_cache_manager.o
    0x0002966c   0x0002966c   0x0000001c   Code   RO         3680    i.channel_free      nrfx_gpiote.o
    0x00029688   0x00029688   0x00000048   Code   RO         3681    i.channel_port_alloc  nrfx_gpiote.o
    0x000296d0   0x000296d0   0x00000010   Code   RO         3682    i.channel_port_get  nrfx_gpiote.o
    0x000296e0   0x000296e0   0x00000060   Code   RO         3155    i.char_add          ble_dis.o
    0x00029740   0x00029740   0x00000190   Code   RO         1281    i.characteristic_add  ble_srv_common.o
    0x000298d0   0x000298d0   0x0000003e   Code   RO         2292    i.claim             peer_id.o
    0x0002990e   0x0002990e   0x00000002   PAD
    0x00029910   0x00029910   0x00000028   Code   RO         3195    i.clock_clk_started_notify  nrf_drv_clock.o
    0x00029938   0x00029938   0x0000001c   Code   RO         3196    i.clock_irq_handler  nrf_drv_clock.o
    0x00029954   0x00029954   0x00000018   Code   RO         4688    i.compare_func      app_timer2.o
    0x0002996c   0x0002996c   0x0000003e   Code   RO         1125    i.conn_handle_list_get  ble_conn_state.o
    0x000299aa   0x000299aa   0x00000088   Code   RO          836    i.conn_int_encode   ble_advdata.o
    0x00029a32   0x00029a32   0x00000004   Code   RO           12    i.conn_params_error_handler  main.o
    0x00029a36   0x00029a36   0x00000002   PAD
    0x00029a38   0x00029a38   0x00000048   Code   RO         1037    i.conn_params_negotiation  ble_conn_params.o
    0x00029a80   0x00029a80   0x00000044   Code   RO         2840    i.conn_sec_failure  security_dispatcher.o
    0x00029ac4   0x00029ac4   0x00000050   Code   RO         2689    i.conn_secure       peer_manager_handler.o
    0x00029b14   0x00029b14   0x00000072   Code   RO         1766    i.ctrlpt_auth       nrf_ble_bms.o
    0x00029b86   0x00029b86   0x00000028   Code   RO         1767    i.ctrlpt_decode     nrf_ble_bms.o
    0x00029bae   0x00029bae   0x0000001a   Code   RO         1768    i.ctrlpt_execute    nrf_ble_bms.o
    0x00029bc8   0x00029bc8   0x00000110   Code   RO         1769    i.ctrlpt_process    nrf_ble_bms.o
    0x00029cd8   0x00029cd8   0x000000c0   Code   RO         1868    i.data_length_update  nrf_ble_gatt.o
    0x00029d98   0x00029d98   0x00000030   Code   RO         1342    i.db_update_pending_handle  gatt_cache_manager.o
    0x00029dc8   0x00029dc8   0x0000000a   Code   RO         2690    i.delayed_conn_secure  peer_manager_handler.o
    0x00029dd2   0x00029dd2   0x00000002   PAD
    0x00029dd4   0x00029dd4   0x00000078   Code   RO           13    i.delete_all_bonds  main.o
    0x00029e4c   0x00029e4c   0x00000094   Code   RO           14    i.delete_all_except_requesting_bond  main.o
    0x00029ee0   0x00029ee0   0x0000008c   Code   RO         5085    i.delete_execute    fds.o
    0x00029f6c   0x00029f6c   0x0000006c   Code   RO           15    i.delete_requesting_bond  main.o
    0x00029fd8   0x00029fd8   0x00000048   Code   RO         4431    i.detection_delay_timeout_handler  app_button.o
    0x0002a020   0x0002a020   0x00000014   Code   RO         6543    i.dropped_sat16_get  nrf_log_frontend.o
    0x0002a034   0x0002a034   0x00000014   Code   RO         4917    i.drv_rtc_compare_disable  drv_rtc.o
    0x0002a048   0x0002a048   0x0000000e   Code   RO         4920    i.drv_rtc_compare_pending  drv_rtc.o
    0x0002a056   0x0002a056   0x00000050   Code   RO         4921    i.drv_rtc_compare_set  drv_rtc.o
    0x0002a0a6   0x0002a0a6   0x00000008   Code   RO         4922    i.drv_rtc_counter_get  drv_rtc.o
    0x0002a0ae   0x0002a0ae   0x00000002   PAD
    0x0002a0b0   0x0002a0b0   0x000000d8   Code   RO         4923    i.drv_rtc_init      drv_rtc.o
    0x0002a188   0x0002a188   0x0000001e   Code   RO         4924    i.drv_rtc_irq_trigger  drv_rtc.o
    0x0002a1a6   0x0002a1a6   0x00000008   Code   RO         4926    i.drv_rtc_overflow_enable  drv_rtc.o
    0x0002a1ae   0x0002a1ae   0x00000008   Code   RO         4927    i.drv_rtc_overflow_pending  drv_rtc.o
    0x0002a1b6   0x0002a1b6   0x00000008   Code   RO         4928    i.drv_rtc_start     drv_rtc.o
    0x0002a1be   0x0002a1be   0x00000008   Code   RO         4929    i.drv_rtc_stop      drv_rtc.o
    0x0002a1c6   0x0002a1c6   0x000000de   Code   RO         4934    i.drv_rtc_windowed_compare_set  drv_rtc.o
    0x0002a2a4   0x0002a2a4   0x0000000a   Code   RO         2841    i.encryption_failure  security_dispatcher.o
    0x0002a2ae   0x0002a2ae   0x00000002   PAD
    0x0002a2b0   0x0002a2b0   0x0000004c   Code   RO         5927    i.erase             nrf_fstorage_sd.o
    0x0002a2fc   0x0002a2fc   0x00000074   Code   RO         5086    i.event_prepare     fds.o
    0x0002a370   0x0002a370   0x00000020   Code   RO         5087    i.event_send        fds.o
    0x0002a390   0x0002a390   0x00000054   Code   RO         5928    i.event_send        nrf_fstorage_sd.o
    0x0002a3e4   0x0002a3e4   0x00000098   Code   RO         2979    i.events_send_from_err_code  security_manager.o
    0x0002a47c   0x0002a47c   0x00000012   Code   RO         4935    i.evt_enable        drv_rtc.o
    0x0002a48e   0x0002a48e   0x00000002   PAD
    0x0002a490   0x0002a490   0x000000e0   Code   RO         4432    i.evt_handle        app_button.o
    0x0002a570   0x0002a570   0x00000014   Code   RO         4936    i.evt_pending       drv_rtc.o
    0x0002a584   0x0002a584   0x0000001c   Code   RO         1343    i.evt_send          gatt_cache_manager.o
    0x0002a5a0   0x0002a5a0   0x0000001c   Code   RO         1505    i.evt_send          gatts_cache_manager.o
    0x0002a5bc   0x0002a5bc   0x0000002c   Code   RO         2383    i.evt_send          peer_manager.o
    0x0002a5e8   0x0002a5e8   0x0000001c   Code   RO         2842    i.evt_send          security_dispatcher.o
    0x0002a604   0x0002a604   0x0000000c   Code   RO         2980    i.evt_send          security_manager.o
    0x0002a610   0x0002a610   0x000000e0   Code   RO         2033    i.fds_evt_handler   peer_data_storage.o
    0x0002a6f0   0x0002a6f0   0x00000048   Code   RO         5089    i.fds_file_delete   fds.o
    0x0002a738   0x0002a738   0x00000040   Code   RO         5090    i.fds_gc            fds.o
    0x0002a778   0x0002a778   0x000000e4   Code   RO         5091    i.fds_init          fds.o
    0x0002a85c   0x0002a85c   0x00000048   Code   RO         5092    i.fds_record_close  fds.o
    0x0002a8a4   0x0002a8a4   0x0000000e   Code   RO         5094    i.fds_record_find   fds.o
    0x0002a8b2   0x0002a8b2   0x00000010   Code   RO         5095    i.fds_record_find_by_key  fds.o
    0x0002a8c2   0x0002a8c2   0x00000010   Code   RO         5096    i.fds_record_find_in_file  fds.o
    0x0002a8d2   0x0002a8d2   0x00000012   Code   RO         5097    i.fds_record_id_from_desc  fds.o
    0x0002a8e4   0x0002a8e4   0x0000004c   Code   RO         5099    i.fds_record_open   fds.o
    0x0002a930   0x0002a930   0x00000010   Code   RO         5100    i.fds_record_update  fds.o
    0x0002a940   0x0002a940   0x00000008   Code   RO         5101    i.fds_record_write  fds.o
    0x0002a948   0x0002a948   0x00000030   Code   RO         5103    i.fds_register      fds.o
    0x0002a978   0x0002a978   0x000000a0   Code   RO         5106    i.fds_stat          fds.o
    0x0002aa18   0x0002aa18   0x000000ce   Code   RO         1770    i.feature_char_add  nrf_ble_bms.o
    0x0002aae6   0x0002aae6   0x00000014   Code   RO         2034    i.file_id_within_pm_range  peer_data_storage.o
    0x0002aafa   0x0002aafa   0x00000012   Code   RO         2843    i.flag_id_init      security_dispatcher.o
    0x0002ab0c   0x0002ab0c   0x00000012   Code   RO         2981    i.flag_id_init      security_manager.o
    0x0002ab1e   0x0002ab1e   0x0000000a   Code   RO         1126    i.flag_toggle       ble_conn_state.o
    0x0002ab28   0x0002ab28   0x00000028   Code   RO          946    i.flags_set         ble_advertising.o
    0x0002ab50   0x0002ab50   0x00000030   Code   RO         2982    i.flags_set_from_err_code  security_manager.o
    0x0002ab80   0x0002ab80   0x00000030   Code   RO         1127    i.for_each_set_flag  ble_conn_state.o
    0x0002abb0   0x0002abb0   0x00000006   Code   RO         5107    i.fs_event_handler  fds.o
    0x0002abb6   0x0002abb6   0x00000002   PAD
    0x0002abb8   0x0002abb8   0x00000064   Code   RO           16    i.gap_params_init   main.o
    0x0002ac1c   0x0002ac1c   0x00000080   Code   RO         5108    i.gc_execute        fds.o
    0x0002ac9c   0x0002ac9c   0x0000004c   Code   RO         5109    i.gc_next_page      fds.o
    0x0002ace8   0x0002ace8   0x00000040   Code   RO         5110    i.gc_page_erase     fds.o
    0x0002ad28   0x0002ad28   0x00000034   Code   RO         5111    i.gc_record_copy    fds.o
    0x0002ad5c   0x0002ad5c   0x00000024   Code   RO         5112    i.gc_record_find_next  fds.o
    0x0002ad80   0x0002ad80   0x00000070   Code   RO         5113    i.gc_state_advance  fds.o
    0x0002adf0   0x0002adf0   0x00000030   Code   RO         5114    i.gc_swap_pages     fds.o
    0x0002ae20   0x0002ae20   0x00000230   Code   RO         1344    i.gcm_ble_evt_handler  gatt_cache_manager.o
    0x0002b050   0x0002b050   0x0000003c   Code   RO         1345    i.gcm_im_evt_handler  gatt_cache_manager.o
    0x0002b08c   0x0002b08c   0x00000094   Code   RO         1346    i.gcm_init          gatt_cache_manager.o
    0x0002b120   0x0002b120   0x00000088   Code   RO         1349    i.gcm_pdb_evt_handler  gatt_cache_manager.o
    0x0002b1a8   0x0002b1a8   0x00000034   Code   RO         4689    i.get_now           app_timer2.o
    0x0002b1dc   0x0002b1dc   0x0000003c   Code   RO         4433    i.gpiote_event_handler  app_button.o
    0x0002b218   0x0002b218   0x0000001c   Code   RO         1506    i.gscm_db_change_notification_done  gatts_cache_manager.o
    0x0002b234   0x0002b234   0x00000014   Code   RO         1507    i.gscm_init         gatts_cache_manager.o
    0x0002b248   0x0002b248   0x00000090   Code   RO         1509    i.gscm_local_db_cache_apply  gatts_cache_manager.o
    0x0002b2d8   0x0002b2d8   0x000000ac   Code   RO         1510    i.gscm_local_db_cache_update  gatts_cache_manager.o
    0x0002b384   0x0002b384   0x00000018   Code   RO         1511    i.gscm_pdb_evt_handler  gatts_cache_manager.o
    0x0002b39c   0x0002b39c   0x0000001e   Code   RO         1512    i.gscm_service_changed_ind_needed  gatts_cache_manager.o
    0x0002b3ba   0x0002b3ba   0x00000002   PAD
    0x0002b3bc   0x0002b3bc   0x0000005c   Code   RO         1513    i.gscm_service_changed_ind_send  gatts_cache_manager.o
    0x0002b418   0x0002b418   0x0000002c   Code   RO         5115    i.header_check      fds.o
    0x0002b444   0x0002b444   0x00000012   Code   RO         5116    i.header_has_next   fds.o
    0x0002b456   0x0002b456   0x00000046   Code   RO         1602    i.im_address_resolve  id_manager.o
    0x0002b49c   0x0002b49c   0x00000038   Code   RO         1603    i.im_ble_addr_get   id_manager.o
    0x0002b4d4   0x0002b4d4   0x000000dc   Code   RO         1604    i.im_ble_evt_handler  id_manager.o
    0x0002b5b0   0x0002b5b0   0x00000040   Code   RO         1605    i.im_conn_handle_get  id_manager.o
    0x0002b5f0   0x0002b5f0   0x000000ec   Code   RO         1606    i.im_device_identities_list_set  id_manager.o
    0x0002b6dc   0x0002b6dc   0x00000038   Code   RO         1607    i.im_find_duplicate_bonding_data  id_manager.o
    0x0002b714   0x0002b714   0x00000072   Code   RO         1610    i.im_is_duplicate_bonding_data  id_manager.o
    0x0002b786   0x0002b786   0x00000018   Code   RO         1611    i.im_master_id_is_valid  id_manager.o
    0x0002b79e   0x0002b79e   0x0000002a   Code   RO         1612    i.im_master_ids_compare  id_manager.o
    0x0002b7c8   0x0002b7c8   0x00000014   Code   RO         1613    i.im_new_peer_id    id_manager.o
    0x0002b7dc   0x0002b7dc   0x0000002c   Code   RO         1614    i.im_peer_free      id_manager.o
    0x0002b808   0x0002b808   0x00000024   Code   RO         1615    i.im_peer_id_get_by_conn_handle  id_manager.o
    0x0002b82c   0x0002b82c   0x0000003c   Code   RO         1616    i.im_peer_id_get_by_master_id  id_manager.o
    0x0002b868   0x0002b868   0x00000038   Code   RO         1619    i.im_whitelist_get  id_manager.o
    0x0002b8a0   0x0002b8a0   0x000000b0   Code   RO         1620    i.im_whitelist_set  id_manager.o
    0x0002b950   0x0002b950   0x00000034   Code   RO         5929    i.init              nrf_fstorage_sd.o
    0x0002b984   0x0002b984   0x000000c8   Code   RO         5117    i.init_execute      fds.o
    0x0002ba4c   0x0002ba4c   0x00000014   Code   RO         1038    i.instance_get      ble_conn_params.o
    0x0002ba60   0x0002ba60   0x000000a6   Code   RO         5801    i.int_print         nrf_fprintf_format.o
    0x0002bb06   0x0002bb06   0x00000002   PAD
    0x0002bb08   0x0002bb08   0x00000088   Code   RO         4257    i.interrupts_enable  nrfx_uarte.o
    0x0002bb90   0x0002bb90   0x00000034   Code   RO         6544    i.invalid_packets_omit  nrf_log_frontend.o
    0x0002bbc4   0x0002bbc4   0x00000010   Code   RO         5930    i.is_busy           nrf_fstorage_sd.o
    0x0002bbd4   0x0002bbd4   0x00000044   Code   RO         1039    i.is_conn_params_ok  ble_conn_params.o
    0x0002bc18   0x0002bc18   0x00000014   Code   RO         1621    i.is_valid_irk      id_manager.o
    0x0002bc2c   0x0002bc2c   0x0000000c   Code   RO         5118    i.is_word_aligned   fds.o
    0x0002bc38   0x0002bc38   0x00000030   Code   RO          596    i.leds_off          bsp.o
    0x0002bc68   0x0002bc68   0x00000014   Code   RO          597    i.leds_timer_handler  bsp.o
    0x0002bc7c   0x0002bc7c   0x00000014   Code   RO         1869    i.link_init         nrf_ble_gatt.o
    0x0002bc90   0x0002bc90   0x000000d0   Code   RO         2983    i.link_secure       security_manager.o
    0x0002bd60   0x0002bd60   0x0000003c   Code   RO         2844    i.link_secure_failure  security_dispatcher.o
    0x0002bd9c   0x0002bd9c   0x0000002c   Code   RO         2984    i.link_secure_pending_handle  security_manager.o
    0x0002bdc8   0x0002bdc8   0x000000a8   Code   RO         1350    i.local_db_apply_in_evt  gatt_cache_manager.o
    0x0002be70   0x0002be70   0x00000010   Code   RO         1351    i.local_db_update   gatt_cache_manager.o
    0x0002be80   0x0002be80   0x0000010c   Code   RO         1352    i.local_db_update_in_evt  gatt_cache_manager.o
    0x0002bf8c   0x0002bf8c   0x000000a4   Code   RO         6545    i.log_skip          nrf_log_frontend.o
    0x0002c030   0x0002c030   0x00000160   Code   RO           17    i.main              main.o
    0x0002c190   0x0002c190   0x00000064   Code   RO          837    i.manuf_specific_data_encode  ble_advdata.o
    0x0002c1f4   0x0002c1f4   0x0000007e   Code   RO         6039    i.memobj_op         nrf_memobj.o
    0x0002c272   0x0002c272   0x00000002   PAD
    0x0002c274   0x0002c274   0x00000030   Code   RO         6546    i.module_idx_get    nrf_log_frontend.o
    0x0002c2a4   0x0002c2a4   0x00000008   Code   RO         2791    i.mutex_lock_status_get  pm_buffer.o
    0x0002c2ac   0x0002c2ac   0x000000a6   Code   RO          838    i.name_encode       ble_advdata.o
    0x0002c352   0x0002c352   0x00000002   PAD
    0x0002c354   0x0002c354   0x00000014   Code   RO         2985    i.new_context_get   security_manager.o
    0x0002c368   0x0002c368   0x00000032   Code   RO         2986    i.new_evt           security_manager.o
    0x0002c39a   0x0002c39a   0x00000030   Code   RO         2293    i.next_id_get       peer_id.o
    0x0002c3ca   0x0002c3ca   0x00000010   Code   RO         5454    i.nrf_atfifo_clear  nrf_atfifo.o
    0x0002c3da   0x0002c3da   0x00000026   Code   RO         5456    i.nrf_atfifo_init   nrf_atfifo.o
    0x0002c400   0x0002c400   0x00000016   Code   RO         5457    i.nrf_atfifo_item_alloc  nrf_atfifo.o
    0x0002c416   0x0002c416   0x00000016   Code   RO         5458    i.nrf_atfifo_item_free  nrf_atfifo.o
    0x0002c42c   0x0002c42c   0x00000016   Code   RO         5459    i.nrf_atfifo_item_get  nrf_atfifo.o
    0x0002c442   0x0002c442   0x00000016   Code   RO         5460    i.nrf_atfifo_item_put  nrf_atfifo.o
    0x0002c458   0x0002c458   0x00000016   Code   RO         5522    i.nrf_atflags_clear  nrf_atflags.o
    0x0002c46e   0x0002c46e   0x00000020   Code   RO         5524    i.nrf_atflags_fetch_set  nrf_atflags.o
    0x0002c48e   0x0002c48e   0x0000004a   Code   RO         5526    i.nrf_atflags_find_and_set_flag  nrf_atflags.o
    0x0002c4d8   0x0002c4d8   0x00000016   Code   RO         5527    i.nrf_atflags_get   nrf_atflags.o
    0x0002c4ee   0x0002c4ee   0x00000014   Code   RO         5529    i.nrf_atflags_set   nrf_atflags.o
    0x0002c502   0x0002c502   0x00000006   Code   RO         5590    i.nrf_atomic_flag_clear_fetch  nrf_atomic.o
    0x0002c508   0x0002c508   0x00000006   Code   RO         5591    i.nrf_atomic_flag_set  nrf_atomic.o
    0x0002c50e   0x0002c50e   0x00000006   Code   RO         5592    i.nrf_atomic_flag_set_fetch  nrf_atomic.o
    0x0002c514   0x0002c514   0x0000000c   Code   RO         5593    i.nrf_atomic_u32_add  nrf_atomic.o
    0x0002c520   0x0002c520   0x0000000c   Code   RO         5594    i.nrf_atomic_u32_and  nrf_atomic.o
    0x0002c52c   0x0002c52c   0x0000000a   Code   RO         5596    i.nrf_atomic_u32_fetch_add  nrf_atomic.o
    0x0002c536   0x0002c536   0x0000000a   Code   RO         5597    i.nrf_atomic_u32_fetch_and  nrf_atomic.o
    0x0002c540   0x0002c540   0x0000000a   Code   RO         5598    i.nrf_atomic_u32_fetch_or  nrf_atomic.o
    0x0002c54a   0x0002c54a   0x0000000a   Code   RO         5599    i.nrf_atomic_u32_fetch_store  nrf_atomic.o
    0x0002c554   0x0002c554   0x0000000c   Code   RO         5603    i.nrf_atomic_u32_or  nrf_atomic.o
    0x0002c560   0x0002c560   0x0000000c   Code   RO         5605    i.nrf_atomic_u32_sub  nrf_atomic.o
    0x0002c56c   0x0002c56c   0x00000044   Code   RO         5724    i.nrf_balloc_alloc  nrf_balloc.o
    0x0002c5b0   0x0002c5b0   0x00000030   Code   RO         5725    i.nrf_balloc_free   nrf_balloc.o
    0x0002c5e0   0x0002c5e0   0x00000030   Code   RO         5726    i.nrf_balloc_init   nrf_balloc.o
    0x0002c610   0x0002c610   0x00000010   Code   RO         3683    i.nrf_bitmask_bit_is_set  nrfx_gpiote.o
    0x0002c620   0x0002c620   0x00000022   Code   RO         1771    i.nrf_ble_bms_auth_response  nrf_ble_bms.o
    0x0002c642   0x0002c642   0x00000002   PAD
    0x0002c644   0x0002c644   0x000000f0   Code   RO         1772    i.nrf_ble_bms_init  nrf_ble_bms.o
    0x0002c734   0x0002c734   0x0000001a   Code   RO         1773    i.nrf_ble_bms_on_ble_evt  nrf_ble_bms.o
    0x0002c74e   0x0002c74e   0x0000003a   Code   RO         1774    i.nrf_ble_bms_on_qwr_evt  nrf_ble_bms.o
    0x0002c788   0x0002c788   0x0000000c   Code   RO         1775    i.nrf_ble_bms_set_conn_handle  nrf_ble_bms.o
    0x0002c794   0x0002c794   0x00000022   Code   RO         1875    i.nrf_ble_gatt_init  nrf_ble_gatt.o
    0x0002c7b6   0x0002c7b6   0x00000002   PAD
    0x0002c7b8   0x0002c7b8   0x00000150   Code   RO         1876    i.nrf_ble_gatt_on_ble_evt  nrf_ble_gatt.o
    0x0002c908   0x0002c908   0x00000038   Code   RO         1970    i.nrf_ble_qwr_attr_register  nrf_ble_qwr.o
    0x0002c940   0x0002c940   0x00000016   Code   RO         1971    i.nrf_ble_qwr_conn_handle_assign  nrf_ble_qwr.o
    0x0002c956   0x0002c956   0x0000003c   Code   RO         1972    i.nrf_ble_qwr_init  nrf_ble_qwr.o
    0x0002c992   0x0002c992   0x000000d4   Code   RO         1973    i.nrf_ble_qwr_on_ble_evt  nrf_ble_qwr.o
    0x0002ca66   0x0002ca66   0x00000078   Code   RO         1974    i.nrf_ble_qwr_value_get  nrf_ble_qwr.o
    0x0002cade   0x0002cade   0x0000000e   Code   RO         3541    i.nrf_clock_event_check  nrfx_clock.o
    0x0002caec   0x0002caec   0x00000010   Code   RO         3542    i.nrf_clock_event_clear  nrfx_clock.o
    0x0002cafc   0x0002cafc   0x00000040   Code   RO         3203    i.nrf_drv_clock_init  nrf_drv_clock.o
    0x0002cb3c   0x0002cb3c   0x00000034   Code   RO         3207    i.nrf_drv_clock_lfclk_release  nrf_drv_clock.o
    0x0002cb70   0x0002cb70   0x00000068   Code   RO         3349    i.nrf_drv_uart_init  nrf_drv_uart.o
    0x0002cbd8   0x0002cbd8   0x0000001a   Code   RO         5761    i.nrf_fprintf       nrf_fprintf.o
    0x0002cbf2   0x0002cbf2   0x00000018   Code   RO         5762    i.nrf_fprintf_buffer_flush  nrf_fprintf.o
    0x0002cc0a   0x0002cc0a   0x000001da   Code   RO         5802    i.nrf_fprintf_fmt   nrf_fprintf_format.o
    0x0002cde4   0x0002cde4   0x00000138   Code   RO         5842    i.nrf_fstorage_erase  nrf_fstorage.o
    0x0002cf1c   0x0002cf1c   0x00000094   Code   RO         5843    i.nrf_fstorage_init  nrf_fstorage.o
    0x0002cfb0   0x0002cfb0   0x00000018   Code   RO         5931    i.nrf_fstorage_sdh_req_handler  nrf_fstorage_sd.o
    0x0002cfc8   0x0002cfc8   0x00000020   Code   RO         5932    i.nrf_fstorage_sdh_state_handler  nrf_fstorage_sd.o
    0x0002cfe8   0x0002cfe8   0x000000a4   Code   RO         5933    i.nrf_fstorage_sys_evt_handler  nrf_fstorage_sd.o
    0x0002d08c   0x0002d08c   0x000001dc   Code   RO         5849    i.nrf_fstorage_write  nrf_fstorage.o
    0x0002d268   0x0002d268   0x00000032   Code   RO          478    i.nrf_gpio_cfg      boards.o
    0x0002d29a   0x0002d29a   0x00000032   Code   RO         3684    i.nrf_gpio_cfg      nrfx_gpiote.o
    0x0002d2cc   0x0002d2cc   0x00000032   Code   RO         4059    i.nrf_gpio_cfg      nrfx_uart.o
    0x0002d2fe   0x0002d2fe   0x00000032   Code   RO         4258    i.nrf_gpio_cfg      nrfx_uarte.o
    0x0002d330   0x0002d330   0x00000012   Code   RO         4060    i.nrf_gpio_cfg_default  nrfx_uart.o
    0x0002d342   0x0002d342   0x00000012   Code   RO         4259    i.nrf_gpio_cfg_default  nrfx_uarte.o
    0x0002d354   0x0002d354   0x00000012   Code   RO         4061    i.nrf_gpio_cfg_input  nrfx_uart.o
    0x0002d366   0x0002d366   0x00000012   Code   RO         4260    i.nrf_gpio_cfg_input  nrfx_uarte.o
    0x0002d378   0x0002d378   0x00000014   Code   RO         4062    i.nrf_gpio_cfg_output  nrfx_uart.o
    0x0002d38c   0x0002d38c   0x00000014   Code   RO         4261    i.nrf_gpio_cfg_output  nrfx_uarte.o
    0x0002d3a0   0x0002d3a0   0x00000030   Code   RO         3686    i.nrf_gpio_cfg_sense_set  nrfx_gpiote.o
    0x0002d3d0   0x0002d3d0   0x00000030   Code   RO         3687    i.nrf_gpio_latches_read_and_clear  nrfx_gpiote.o
    0x0002d400   0x0002d400   0x0000001c   Code   RO          479    i.nrf_gpio_pin_port_decode  boards.o
    0x0002d41c   0x0002d41c   0x0000001c   Code   RO         3689    i.nrf_gpio_pin_port_decode  nrfx_gpiote.o
    0x0002d438   0x0002d438   0x0000001c   Code   RO         4063    i.nrf_gpio_pin_port_decode  nrfx_uart.o
    0x0002d454   0x0002d454   0x0000001c   Code   RO         4262    i.nrf_gpio_pin_port_decode  nrfx_uarte.o
    0x0002d470   0x0002d470   0x0000002c   Code   RO         3690    i.nrf_gpio_pin_present_check  nrfx_gpiote.o
    0x0002d49c   0x0002d49c   0x00000016   Code   RO         3691    i.nrf_gpio_pin_read  nrfx_gpiote.o
    0x0002d4b2   0x0002d4b2   0x00000014   Code   RO         4064    i.nrf_gpio_pin_set  nrfx_uart.o
    0x0002d4c6   0x0002d4c6   0x00000014   Code   RO         4263    i.nrf_gpio_pin_set  nrfx_uarte.o
    0x0002d4da   0x0002d4da   0x00000026   Code   RO          480    i.nrf_gpio_pin_write  boards.o
    0x0002d500   0x0002d500   0x00000014   Code   RO         3693    i.nrf_gpiote_event_clear  nrfx_gpiote.o
    0x0002d514   0x0002d514   0x00000010   Code   RO         3694    i.nrf_gpiote_event_is_set  nrfx_gpiote.o
    0x0002d524   0x0002d524   0x0000005c   Code   RO         6547    i.nrf_log_backend_add  nrf_log_frontend.o
    0x0002d580   0x0002d580   0x000000c8   Code   RO         6392    i.nrf_log_backend_serial_put  nrf_log_backend_serial.o
    0x0002d648   0x0002d648   0x00000002   Code   RO         6432    i.nrf_log_backend_uart_flush  nrf_log_backend_uart.o
    0x0002d64a   0x0002d64a   0x00000006   Code   RO         6433    i.nrf_log_backend_uart_init  nrf_log_backend_uart.o
    0x0002d650   0x0002d650   0x0000002c   Code   RO         6434    i.nrf_log_backend_uart_panic_set  nrf_log_backend_uart.o
    0x0002d67c   0x0002d67c   0x00000018   Code   RO         6435    i.nrf_log_backend_uart_put  nrf_log_backend_uart.o
    0x0002d694   0x0002d694   0x00000030   Code   RO         6549    i.nrf_log_color_id_get  nrf_log_frontend.o
    0x0002d6c4   0x0002d6c4   0x0000001c   Code   RO         6505    i.nrf_log_default_backends_init  nrf_log_default_backends.o
    0x0002d6e0   0x0002d6e0   0x00000238   Code   RO         6550    i.nrf_log_frontend_dequeue  nrf_log_frontend.o
    0x0002d918   0x0002d918   0x00000008   Code   RO         6552    i.nrf_log_frontend_std_0  nrf_log_frontend.o
    0x0002d920   0x0002d920   0x0000000e   Code   RO         6553    i.nrf_log_frontend_std_1  nrf_log_frontend.o
    0x0002d92e   0x0002d92e   0x00000010   Code   RO         6554    i.nrf_log_frontend_std_2  nrf_log_frontend.o
    0x0002d93e   0x0002d93e   0x00000012   Code   RO         6555    i.nrf_log_frontend_std_3  nrf_log_frontend.o
    0x0002d950   0x0002d950   0x00000014   Code   RO         6556    i.nrf_log_frontend_std_4  nrf_log_frontend.o
    0x0002d964   0x0002d964   0x000000b0   Code   RO         6728    i.nrf_log_hexdump_entry_process  nrf_log_str_formatter.o
    0x0002da14   0x0002da14   0x00000028   Code   RO         6559    i.nrf_log_init      nrf_log_frontend.o
    0x0002da3c   0x0002da3c   0x00000014   Code   RO         6560    i.nrf_log_module_cnt_get  nrf_log_frontend.o
    0x0002da50   0x0002da50   0x0000001c   Code   RO         6563    i.nrf_log_module_name_get  nrf_log_frontend.o
    0x0002da6c   0x0002da6c   0x00000028   Code   RO         6564    i.nrf_log_panic     nrf_log_frontend.o
    0x0002da94   0x0002da94   0x000000b6   Code   RO         6729    i.nrf_log_std_entry_process  nrf_log_str_formatter.o
    0x0002db4a   0x0002db4a   0x00000060   Code   RO         6040    i.nrf_memobj_alloc  nrf_memobj.o
    0x0002dbaa   0x0002dbaa   0x00000032   Code   RO         6041    i.nrf_memobj_free   nrf_memobj.o
    0x0002dbdc   0x0002dbdc   0x00000008   Code   RO         6042    i.nrf_memobj_get    nrf_memobj.o
    0x0002dbe4   0x0002dbe4   0x00000004   Code   RO         6043    i.nrf_memobj_pool_init  nrf_memobj.o
    0x0002dbe8   0x0002dbe8   0x0000001e   Code   RO         6044    i.nrf_memobj_put    nrf_memobj.o
    0x0002dc06   0x0002dc06   0x00000010   Code   RO         6045    i.nrf_memobj_read   nrf_memobj.o
    0x0002dc16   0x0002dc16   0x00000010   Code   RO         6046    i.nrf_memobj_write  nrf_memobj.o
    0x0002dc26   0x0002dc26   0x00000002   PAD
    0x0002dc28   0x0002dc28   0x00000028   Code   RO         6118    i.nrf_pwr_mgmt_init  nrf_pwr_mgmt.o
    0x0002dc50   0x0002dc50   0x00000044   Code   RO         6119    i.nrf_pwr_mgmt_run  nrf_pwr_mgmt.o
    0x0002dc94   0x0002dc94   0x00000004   Code   RO           18    i.nrf_qwr_error_handler  main.o
    0x0002dc98   0x0002dc98   0x0000001c   Code   RO         6192    i.nrf_ringbuf_init  nrf_ringbuf.o
    0x0002dcb4   0x0002dcb4   0x0000000c   Code   RO         4937    i.nrf_rtc_event_clear  drv_rtc.o
    0x0002dcc0   0x0002dcc0   0x00000014   Code   RO         7263    i.nrf_sdh_ble_app_ram_start_get  nrf_sdh_ble.o
    0x0002dcd4   0x0002dcd4   0x00000100   Code   RO         7264    i.nrf_sdh_ble_default_cfg_set  nrf_sdh_ble.o
    0x0002ddd4   0x0002ddd4   0x00000130   Code   RO         7265    i.nrf_sdh_ble_enable  nrf_sdh_ble.o
    0x0002df04   0x0002df04   0x0000005c   Code   RO         7266    i.nrf_sdh_ble_evts_poll  nrf_sdh_ble.o
    0x0002df60   0x0002df60   0x00000054   Code   RO         7144    i.nrf_sdh_disable_request  nrf_sdh.o
    0x0002dfb4   0x0002dfb4   0x00000074   Code   RO         7145    i.nrf_sdh_enable_request  nrf_sdh.o
    0x0002e028   0x0002e028   0x00000024   Code   RO         7146    i.nrf_sdh_evts_poll  nrf_sdh.o
    0x0002e04c   0x0002e04c   0x0000000c   Code   RO         7147    i.nrf_sdh_is_enabled  nrf_sdh.o
    0x0002e058   0x0002e058   0x0000001c   Code   RO         7149    i.nrf_sdh_request_continue  nrf_sdh.o
    0x0002e074   0x0002e074   0x0000003c   Code   RO         7317    i.nrf_sdh_soc_evts_poll  nrf_sdh_soc.o
    0x0002e0b0   0x0002e0b0   0x0000000a   Code   RO         6250    i.nrf_section_iter_init  nrf_section_iter.o
    0x0002e0ba   0x0002e0ba   0x00000024   Code   RO         6251    i.nrf_section_iter_item_set  nrf_section_iter.o
    0x0002e0de   0x0002e0de   0x00000020   Code   RO         6252    i.nrf_section_iter_next  nrf_section_iter.o
    0x0002e0fe   0x0002e0fe   0x00000022   Code   RO         6285    i.nrf_sortlist_add  nrf_sortlist.o
    0x0002e120   0x0002e120   0x00000006   Code   RO         6287    i.nrf_sortlist_peek  nrf_sortlist.o
    0x0002e126   0x0002e126   0x0000000e   Code   RO         6288    i.nrf_sortlist_pop  nrf_sortlist.o
    0x0002e134   0x0002e134   0x0000001e   Code   RO         6289    i.nrf_sortlist_remove  nrf_sortlist.o
    0x0002e152   0x0002e152   0x00000002   PAD
    0x0002e154   0x0002e154   0x00000038   Code   RO         6341    i.nrf_strerror_find  nrf_strerror.o
    0x0002e18c   0x0002e18c   0x00000014   Code   RO         6342    i.nrf_strerror_get  nrf_strerror.o
    0x0002e1a0   0x0002e1a0   0x0000000a   Code   RO         4065    i.nrf_uart_event_check  nrfx_uart.o
    0x0002e1aa   0x0002e1aa   0x0000000c   Code   RO         4066    i.nrf_uart_event_clear  nrfx_uart.o
    0x0002e1b6   0x0002e1b6   0x0000000c   Code   RO         4067    i.nrf_uart_int_enable_check  nrfx_uart.o
    0x0002e1c2   0x0002e1c2   0x0000000a   Code   RO         4264    i.nrf_uarte_event_check  nrfx_uarte.o
    0x0002e1cc   0x0002e1cc   0x0000000c   Code   RO         4265    i.nrf_uarte_event_clear  nrfx_uarte.o
    0x0002e1d8   0x0002e1d8   0x00000010   Code   RO         3210    i.nrf_wdt_started   nrf_drv_clock.o
    0x0002e1e8   0x0002e1e8   0x0000002c   Code   RO         3547    i.nrfx_clock_enable  nrfx_clock.o
    0x0002e214   0x0002e214   0x00000020   Code   RO         3550    i.nrfx_clock_init   nrfx_clock.o
    0x0002e234   0x0002e234   0x00000030   Code   RO         3553    i.nrfx_clock_lfclk_stop  nrfx_clock.o
    0x0002e264   0x0002e264   0x00000010   Code   RO         4938    i.nrfx_coredep_delay_us  drv_rtc.o
    0x0002e274   0x0002e274   0x00000098   Code   RO         3700    i.nrfx_gpiote_in_event_enable  nrfx_gpiote.o
    0x0002e30c   0x0002e30c   0x000000d0   Code   RO         3702    i.nrfx_gpiote_in_init  nrfx_gpiote.o
    0x0002e3dc   0x0002e3dc   0x0000000e   Code   RO         3703    i.nrfx_gpiote_in_is_set  nrfx_gpiote.o
    0x0002e3ea   0x0002e3ea   0x00000002   PAD
    0x0002e3ec   0x0002e3ec   0x00000078   Code   RO         3705    i.nrfx_gpiote_init  nrfx_gpiote.o
    0x0002e464   0x0002e464   0x00000014   Code   RO         3706    i.nrfx_gpiote_is_init  nrfx_gpiote.o
    0x0002e478   0x0002e478   0x00000010   Code   RO         4266    i.nrfx_is_in_ram    nrfx_uarte.o
    0x0002e488   0x0002e488   0x0000003a   Code   RO         4005    i.nrfx_prs_acquire  nrfx_prs.o
    0x0002e4c2   0x0002e4c2   0x00000012   Code   RO         4006    i.nrfx_prs_release  nrfx_prs.o
    0x0002e4d4   0x0002e4d4   0x00000010   Code   RO         4068    i.nrfx_uart_0_irq_handler  nrfx_uart.o
    0x0002e4e4   0x0002e4e4   0x000000d4   Code   RO         4070    i.nrfx_uart_init    nrfx_uart.o
    0x0002e5b8   0x0002e5b8   0x000000a8   Code   RO         4076    i.nrfx_uart_tx      nrfx_uart.o
    0x0002e660   0x0002e660   0x00000020   Code   RO         4078    i.nrfx_uart_tx_in_progress  nrfx_uart.o
    0x0002e680   0x0002e680   0x000000c0   Code   RO         4079    i.nrfx_uart_uninit  nrfx_uart.o
    0x0002e740   0x0002e740   0x00000010   Code   RO         4267    i.nrfx_uarte_0_irq_handler  nrfx_uarte.o
    0x0002e750   0x0002e750   0x0000006c   Code   RO         4269    i.nrfx_uarte_init   nrfx_uarte.o
    0x0002e7bc   0x0002e7bc   0x000000ac   Code   RO         4273    i.nrfx_uarte_tx     nrfx_uarte.o
    0x0002e868   0x0002e868   0x0000001c   Code   RO         4275    i.nrfx_uarte_tx_in_progress  nrfx_uarte.o
    0x0002e884   0x0002e884   0x00000108   Code   RO         4276    i.nrfx_uarte_uninit  nrfx_uarte.o
    0x0002e98c   0x0002e98c   0x0000012c   Code   RO           19    i.on_adv_evt        main.o
    0x0002eab8   0x0002eab8   0x0000001c   Code   RO           20    i.on_conn_params_evt  main.o
    0x0002ead4   0x0002ead4   0x000000a8   Code   RO         1877    i.on_connected_evt  nrf_ble_gatt.o
    0x0002eb7c   0x0002eb7c   0x000000ac   Code   RO         1878    i.on_exchange_mtu_request_evt  nrf_ble_gatt.o
    0x0002ec28   0x0002ec28   0x000000a4   Code   RO         1975    i.on_execute_write  nrf_ble_qwr.o
    0x0002eccc   0x0002eccc   0x0000007e   Code   RO         1976    i.on_prepare_write  nrf_ble_qwr.o
    0x0002ed4a   0x0002ed4a   0x00000002   PAD
    0x0002ed4c   0x0002ed4c   0x00000078   Code   RO         1776    i.on_qwr_auth_req   nrf_ble_bms.o
    0x0002edc4   0x0002edc4   0x00000090   Code   RO         1777    i.on_qwr_exec_write  nrf_ble_bms.o
    0x0002ee54   0x0002ee54   0x000000a8   Code   RO         1778    i.on_rw_auth_req    nrf_ble_bms.o
    0x0002eefc   0x0002eefc   0x00000024   Code   RO         5119    i.page_identify     fds.o
    0x0002ef20   0x0002ef20   0x0000001c   Code   RO         5120    i.page_offsets_update  fds.o
    0x0002ef3c   0x0002ef3c   0x0000006c   Code   RO         5121    i.page_scan         fds.o
    0x0002efa8   0x0002efa8   0x0000001c   Code   RO         5122    i.page_tag_write_data  fds.o
    0x0002efc4   0x0002efc4   0x00000024   Code   RO         5123    i.page_tag_write_swap  fds.o
    0x0002efe8   0x0002efe8   0x00000130   Code   RO         5124    i.pages_init        fds.o
    0x0002f118   0x0002f118   0x0000000c   Code   RO         2845    i.pairing           security_dispatcher.o
    0x0002f124   0x0002f124   0x00000074   Code   RO         2846    i.pairing_failure   security_dispatcher.o
    0x0002f198   0x0002f198   0x0000002e   Code   RO         2847    i.pairing_success_evt_send  security_dispatcher.o
    0x0002f1c6   0x0002f1c6   0x00000006   Code   RO         2987    i.params_reply_pending_handle  security_manager.o
    0x0002f1cc   0x0002f1cc   0x00000020   Code   RO         2988    i.params_req_send   security_manager.o
    0x0002f1ec   0x0002f1ec   0x0000001c   Code   RO         2173    i.pdb_evt_send      peer_database.o
    0x0002f208   0x0002f208   0x00000090   Code   RO         2174    i.pdb_init          peer_database.o
    0x0002f298   0x0002f298   0x0000007c   Code   RO         2175    i.pdb_pds_evt_handler  peer_database.o
    0x0002f314   0x0002f314   0x00000006   Code   RO         2176    i.pdb_peer_data_ptr_get  peer_database.o
    0x0002f31a   0x0002f31a   0x00000002   PAD
    0x0002f31c   0x0002f31c   0x0000008c   Code   RO         2177    i.pdb_peer_free     peer_database.o
    0x0002f3a8   0x0002f3a8   0x000000dc   Code   RO         2178    i.pdb_write_buf_get  peer_database.o
    0x0002f484   0x0002f484   0x00000014   Code   RO         2179    i.pdb_write_buf_release  peer_database.o
    0x0002f498   0x0002f498   0x00000036   Code   RO         2180    i.pdb_write_buf_store  peer_database.o
    0x0002f4ce   0x0002f4ce   0x00000002   PAD
    0x0002f4d0   0x0002f4d0   0x00000010   Code   RO         2035    i.pds_evt_send      peer_data_storage.o
    0x0002f4e0   0x0002f4e0   0x000000dc   Code   RO         2036    i.pds_init          peer_data_storage.o
    0x0002f5bc   0x0002f5bc   0x00000004   Code   RO         2037    i.pds_next_deleted_peer_id_get  peer_data_storage.o
    0x0002f5c0   0x0002f5c0   0x00000004   Code   RO         2038    i.pds_next_peer_id_get  peer_data_storage.o
    0x0002f5c4   0x0002f5c4   0x00000004   Code   RO         2039    i.pds_peer_count_get  peer_data_storage.o
    0x0002f5c8   0x0002f5c8   0x00000058   Code   RO         2041    i.pds_peer_data_iterate  peer_data_storage.o
    0x0002f620   0x0002f620   0x00000010   Code   RO         2042    i.pds_peer_data_iterate_prepare  peer_data_storage.o
    0x0002f630   0x0002f630   0x00000072   Code   RO         2043    i.pds_peer_data_read  peer_data_storage.o
    0x0002f6a2   0x0002f6a2   0x00000002   PAD
    0x0002f6a4   0x0002f6a4   0x000000b4   Code   RO         2044    i.pds_peer_data_store  peer_data_storage.o
    0x0002f758   0x0002f758   0x00000008   Code   RO         2045    i.pds_peer_id_allocate  peer_data_storage.o
    0x0002f760   0x0002f760   0x00000016   Code   RO         2046    i.pds_peer_id_free  peer_data_storage.o
    0x0002f776   0x0002f776   0x00000004   Code   RO         2047    i.pds_peer_id_is_allocated  peer_data_storage.o
    0x0002f77a   0x0002f77a   0x00000004   Code   RO         2048    i.pds_peer_id_is_deleted  peer_data_storage.o
    0x0002f77e   0x0002f77e   0x00000002   PAD
    0x0002f780   0x0002f780   0x000000a8   Code   RO         2049    i.peer_data_delete_process  peer_data_storage.o
    0x0002f828   0x0002f828   0x00000030   Code   RO         2050    i.peer_data_find    peer_data_storage.o
    0x0002f858   0x0002f858   0x00000024   Code   RO         2051    i.peer_data_id_is_valid  peer_data_storage.o
    0x0002f87c   0x0002f87c   0x0000001a   Code   RO         2181    i.peer_data_point_to_buffer  peer_database.o
    0x0002f896   0x0002f896   0x00000002   PAD
    0x0002f898   0x0002f898   0x0000000c   Code   RO         2294    i.peer_id_allocate  peer_id.o
    0x0002f8a4   0x0002f8a4   0x00000024   Code   RO         2295    i.peer_id_delete    peer_id.o
    0x0002f8c8   0x0002f8c8   0x0000001c   Code   RO         2296    i.peer_id_free      peer_id.o
    0x0002f8e4   0x0002f8e4   0x0000000c   Code   RO         2297    i.peer_id_get_next_deleted  peer_id.o
    0x0002f8f0   0x0002f8f0   0x00000030   Code   RO         2298    i.peer_id_get_next_used  peer_id.o
    0x0002f920   0x0002f920   0x0000000c   Code   RO         2299    i.peer_id_init      peer_id.o
    0x0002f92c   0x0002f92c   0x00000014   Code   RO         2300    i.peer_id_is_allocated  peer_id.o
    0x0002f940   0x0002f940   0x00000014   Code   RO         2301    i.peer_id_is_deleted  peer_id.o
    0x0002f954   0x0002f954   0x00000020   Code   RO         2302    i.peer_id_n_ids     peer_id.o
    0x0002f974   0x0002f974   0x0000006c   Code   RO           21    i.peer_manager_init  main.o
    0x0002f9e0   0x0002f9e0   0x000000c0   Code   RO         1622    i.peers_id_keys_get  id_manager.o
    0x0002faa0   0x0002faa0   0x00000016   Code   RO          947    i.phy_is_valid      ble_advertising.o
    0x0002fab6   0x0002fab6   0x00000002   PAD
    0x0002fab8   0x0002fab8   0x0000001c   Code   RO         3724    i.pin_configured_set  nrfx_gpiote.o
    0x0002fad4   0x0002fad4   0x00000018   Code   RO         3725    i.pin_in_use_by_port  nrfx_gpiote.o
    0x0002faec   0x0002faec   0x00000018   Code   RO         3726    i.pin_in_use_by_te  nrfx_gpiote.o
    0x0002fb04   0x0002fb04   0x00000064   Code   RO         2792    i.pm_buffer_block_acquire  pm_buffer.o
    0x0002fb68   0x0002fb68   0x00000024   Code   RO         2793    i.pm_buffer_init    pm_buffer.o
    0x0002fb8c   0x0002fb8c   0x00000028   Code   RO         2794    i.pm_buffer_ptr_get  pm_buffer.o
    0x0002fbb4   0x0002fbb4   0x00000032   Code   RO         2795    i.pm_buffer_release  pm_buffer.o
    0x0002fbe6   0x0002fbe6   0x00000002   PAD
    0x0002fbe8   0x0002fbe8   0x00000024   Code   RO         2385    i.pm_conn_handle_get  peer_manager.o
    0x0002fc0c   0x0002fc0c   0x00000014   Code   RO         2388    i.pm_conn_sec_status_get  peer_manager.o
    0x0002fc20   0x0002fc20   0x0000001c   Code   RO         2389    i.pm_conn_secure    peer_manager.o
    0x0002fc3c   0x0002fc3c   0x00000014   Code   RO         2390    i.pm_device_identities_list_set  peer_manager.o
    0x0002fc50   0x0002fc50   0x0000007c   Code   RO           22    i.pm_evt_handler    main.o
    0x0002fccc   0x0002fccc   0x00000004   Code   RO         2391    i.pm_gcm_evt_handler  peer_manager.o
    0x0002fcd0   0x0002fcd0   0x00000004   Code   RO         2392    i.pm_gscm_evt_handler  peer_manager.o
    0x0002fcd4   0x0002fcd4   0x00000244   Code   RO         2693    i.pm_handler_flash_clean  peer_manager_handler.o
    0x0002ff18   0x0002ff18   0x0000001c   Code   RO         2694    i.pm_handler_flash_clean_on_return  peer_manager_handler.o
    0x0002ff34   0x0002ff34   0x00000054   Code   RO         2695    i.pm_handler_on_pm_evt  peer_manager_handler.o
    0x0002ff88   0x0002ff88   0x00000310   Code   RO         2696    i.pm_handler_pm_evt_log  peer_manager_handler.o
    0x00030298   0x00030298   0x00000034   Code   RO         2697    i.pm_handler_secure_on_connection  peer_manager_handler.o
    0x000302cc   0x000302cc   0x00000004   Code   RO         2395    i.pm_im_evt_handler  peer_manager.o
    0x000302d0   0x000302d0   0x000001bc   Code   RO         2396    i.pm_init           peer_manager.o
    0x0003048c   0x0003048c   0x00000028   Code   RO         2399    i.pm_next_peer_id_get  peer_manager.o
    0x000304b4   0x000304b4   0x00000118   Code   RO         2400    i.pm_pdb_evt_handler  peer_manager.o
    0x000305cc   0x000305cc   0x00000014   Code   RO         2401    i.pm_peer_count     peer_manager.o
    0x000305e0   0x000305e0   0x00000014   Code   RO         2411    i.pm_peer_delete    peer_manager.o
    0x000305f4   0x000305f4   0x00000024   Code   RO         2412    i.pm_peer_id_get    peer_manager.o
    0x00030618   0x00030618   0x00000110   Code   RO         2413    i.pm_peer_id_list   peer_manager.o
    0x00030728   0x00030728   0x0000011c   Code   RO         2415    i.pm_peer_rank_highest  peer_manager.o
    0x00030844   0x00030844   0x000000e8   Code   RO         2416    i.pm_peer_ranks_get  peer_manager.o
    0x0003092c   0x0003092c   0x00000094   Code   RO         2417    i.pm_peers_delete   peer_manager.o
    0x000309c0   0x000309c0   0x0000002c   Code   RO         2420    i.pm_register       peer_manager.o
    0x000309ec   0x000309ec   0x00000014   Code   RO         2422    i.pm_sec_params_set  peer_manager.o
    0x00030a00   0x00030a00   0x0000000a   Code   RO         2423    i.pm_sm_evt_handler  peer_manager.o
    0x00030a0a   0x00030a0a   0x00000002   PAD
    0x00030a0c   0x00030a0c   0x0000002c   Code   RO         2424    i.pm_whitelist_get  peer_manager.o
    0x00030a38   0x00030a38   0x00000014   Code   RO         2425    i.pm_whitelist_set  peer_manager.o
    0x00030a4c   0x00030a4c   0x00000034   Code   RO         3156    i.pnp_id_encode     ble_dis.o
    0x00030a80   0x00030a80   0x000000d0   Code   RO         3727    i.port_event_handle  nrfx_gpiote.o
    0x00030b50   0x00030b50   0x00000010   Code   RO         3728    i.port_handler_polarity_get  nrfx_gpiote.o
    0x00030b60   0x00030b60   0x0000003c   Code   RO         6731    i.postfix_process   nrf_log_str_formatter.o
    0x00030b9c   0x00030b9c   0x00000098   Code   RO         6732    i.prefix_process    nrf_log_str_formatter.o
    0x00030c34   0x00030c34   0x00000018   Code   RO         4007    i.prs_box_get       nrfx_prs.o
    0x00030c4c   0x00030c4c   0x0000001c   Code   RO         5125    i.queue_buf_get     fds.o
    0x00030c68   0x00030c68   0x00000010   Code   RO         5126    i.queue_buf_store   fds.o
    0x00030c78   0x00030c78   0x00000014   Code   RO         5934    i.queue_free        nrf_fstorage_sd.o
    0x00030c8c   0x00030c8c   0x000000a4   Code   RO         5127    i.queue_process     fds.o
    0x00030d30   0x00030d30   0x000000a0   Code   RO         5935    i.queue_process     nrf_fstorage_sd.o
    0x00030dd0   0x00030dd0   0x0000001c   Code   RO         5128    i.queue_start       fds.o
    0x00030dec   0x00030dec   0x00000024   Code   RO         5936    i.queue_start       nrf_fstorage_sd.o
    0x00030e10   0x00030e10   0x00000010   Code   RO           23    i.qwr_evt_handler   main.o
    0x00030e20   0x00030e20   0x0000001c   Code   RO         2699    i.rank_highest      peer_manager_handler.o
    0x00030e3c   0x00030e3c   0x00000034   Code   RO         2426    i.rank_vars_update  peer_manager.o
    0x00030e70   0x00030e70   0x0000000e   Code   RO         5937    i.read              nrf_fstorage_sd.o
    0x00030e7e   0x00030e7e   0x00000002   PAD
    0x00030e80   0x00030e80   0x000000a8   Code   RO         2182    i.reattempt_previous_operations  peer_database.o
    0x00030f28   0x00030f28   0x00000090   Code   RO         5129    i.record_find       fds.o
    0x00030fb8   0x00030fb8   0x000000a0   Code   RO         5130    i.record_find_by_desc  fds.o
    0x00031058   0x00031058   0x0000005c   Code   RO         5131    i.record_find_next  fds.o
    0x000310b4   0x000310b4   0x0000003c   Code   RO         5132    i.record_header_flag_dirty  fds.o
    0x000310f0   0x000310f0   0x00000088   Code   RO         5133    i.records_stat      fds.o
    0x00031178   0x00031178   0x00000010   Code   RO         2303    i.release           peer_id.o
    0x00031188   0x00031188   0x00000004   Code   RO         5938    i.rmap              nrf_fstorage_sd.o
    0x0003118c   0x0003118c   0x0000005c   Code   RO         4690    i.rtc_irq           app_timer2.o
    0x000311e8   0x000311e8   0x00000064   Code   RO         4691    i.rtc_schedule      app_timer2.o
    0x0003124c   0x0003124c   0x00000074   Code   RO         4692    i.rtc_update        app_timer2.o
    0x000312c0   0x000312c0   0x00000032   Code   RO         4080    i.rx_byte           nrfx_uart.o
    0x000312f2   0x000312f2   0x00000016   Code   RO         4081    i.rx_done_event     nrfx_uart.o
    0x00031308   0x00031308   0x00000016   Code   RO         4277    i.rx_done_event     nrfx_uarte.o
    0x0003131e   0x0003131e   0x00000002   PAD
    0x00031320   0x00031320   0x00000024   Code   RO         1353    i.sc_send_pending_handle  gatt_cache_manager.o
    0x00031344   0x00031344   0x00000058   Code   RO         3211    i.sd_state_evt_handler  nrf_drv_clock.o
    0x0003139c   0x0003139c   0x00000030   Code   RO         7152    i.sdh_request_observer_notify  nrf_sdh.o
    0x000313cc   0x000313cc   0x0000002c   Code   RO         7153    i.sdh_state_observer_notify  nrf_sdh.o
    0x000313f8   0x000313f8   0x000000d8   Code   RO         2848    i.sec_info_request_process  security_dispatcher.o
    0x000314d0   0x000314d0   0x000000f4   Code   RO         2849    i.sec_keyset_fill   security_dispatcher.o
    0x000315c4   0x000315c4   0x00000076   Code   RO         2989    i.sec_params_verify  security_manager.o
    0x0003163a   0x0003163a   0x00000002   PAD
    0x0003163c   0x0003163c   0x00000060   Code   RO         2850    i.sec_proc_start    security_dispatcher.o
    0x0003169c   0x0003169c   0x0000005c   Code   RO         2990    i.sec_req_process   security_manager.o
    0x000316f8   0x000316f8   0x00000022   Code   RO         2851    i.send_config_req   security_dispatcher.o
    0x0003171a   0x0003171a   0x00000002   PAD
    0x0003171c   0x0003171c   0x00000010   Code   RO         1040    i.send_error_evt    ble_conn_params.o
    0x0003172c   0x0003172c   0x00000028   Code   RO         1354    i.send_unexpected_error  gatt_cache_manager.o
    0x00031754   0x00031754   0x00000028   Code   RO         2852    i.send_unexpected_error  security_dispatcher.o
    0x0003177c   0x0003177c   0x00000040   Code   RO         6436    i.serial_tx         nrf_log_backend_uart.o
    0x000317bc   0x000317bc   0x00000014   Code   RO         1355    i.service_changed_pending_flags_check  gatt_cache_manager.o
    0x000317d0   0x000317d0   0x00000094   Code   RO         1514    i.service_changed_pending_set  gatts_cache_manager.o
    0x00031864   0x00031864   0x00000168   Code   RO         1356    i.service_changed_send_in_evt  gatt_cache_manager.o
    0x000319cc   0x000319cc   0x00000088   Code   RO          839    i.service_data_encode  ble_advdata.o
    0x00031a54   0x00031a54   0x00000004   Code   RO           24    i.service_error_handler  main.o
    0x00031a58   0x00031a58   0x000000dc   Code   RO           25    i.services_init     main.o
    0x00031b34   0x00031b34   0x00000030   Code   RO         1283    i.set_security_req  ble_srv_common.o
    0x00031b64   0x00031b64   0x0000002c   Code   RO         2991    i.sm_ble_evt_handler  security_manager.o
    0x00031b90   0x00031b90   0x000000a2   Code   RO         2993    i.sm_conn_sec_status_get  security_manager.o
    0x00031c32   0x00031c32   0x00000002   PAD
    0x00031c34   0x00031c34   0x00000058   Code   RO         2994    i.sm_init           security_manager.o
    0x00031c8c   0x00031c8c   0x0000000a   Code   RO         2996    i.sm_link_secure    security_manager.o
    0x00031c96   0x00031c96   0x00000002   PAD
    0x00031c98   0x00031c98   0x00000044   Code   RO         2997    i.sm_pdb_evt_handler  security_manager.o
    0x00031cdc   0x00031cdc   0x00000028   Code   RO         2998    i.sm_sec_is_sufficient  security_manager.o
    0x00031d04   0x00031d04   0x00000034   Code   RO         3000    i.sm_sec_params_set  security_manager.o
    0x00031d38   0x00031d38   0x0000002c   Code   RO         3001    i.sm_smd_evt_handler  security_manager.o
    0x00031d64   0x00031d64   0x000000f4   Code   RO         2853    i.smd_ble_evt_handler  security_dispatcher.o
    0x00031e58   0x00031e58   0x00000068   Code   RO         2855    i.smd_init          security_dispatcher.o
    0x00031ec0   0x00031ec0   0x00000028   Code   RO         2856    i.smd_link_secure   security_dispatcher.o
    0x00031ee8   0x00031ee8   0x000000ac   Code   RO         2857    i.smd_params_reply  security_dispatcher.o
    0x00031f94   0x00031f94   0x00000040   Code   RO         3002    i.smd_params_reply_perform  security_manager.o
    0x00031fd4   0x00031fd4   0x00000018   Code   RO         3212    i.soc_evt_handler   nrf_drv_clock.o
    0x00031fec   0x00031fec   0x00000040   Code   RO         7154    i.softdevice_evt_irq_disable  nrf_sdh.o
    0x0003202c   0x0003202c   0x00000058   Code   RO         7155    i.softdevices_evt_irq_enable  nrf_sdh.o
    0x00032084   0x00032084   0x0000000c   Code   RO         4693    i.sortlist_pop      app_timer2.o
    0x00032090   0x00032090   0x00000030   Code   RO         4434    i.state_set         app_button.o
    0x000320c0   0x000320c0   0x00000094   Code   RO         6566    i.std_n             nrf_log_frontend.o
    0x00032154   0x00032154   0x0000006c   Code   RO         1357    i.store_car_value   gatt_cache_manager.o
    0x000321c0   0x000321c0   0x00000042   Code   RO         3157    i.sys_id_encode     ble_dis.o
    0x00032202   0x00032202   0x00000002   PAD
    0x00032204   0x00032204   0x00000058   Code   RO         4694    i.timer_expire      app_timer2.o
    0x0003225c   0x0003225c   0x00000078   Code   RO         4695    i.timer_req_process  app_timer2.o
    0x000322d4   0x000322d4   0x00000038   Code   RO         4696    i.timer_req_schedule  app_timer2.o
    0x0003230c   0x0003230c   0x00000018   Code   RO         4435    i.timer_start       app_button.o
    0x00032324   0x00032324   0x00000020   Code   RO         4083    i.tx_byte           nrfx_uart.o
    0x00032344   0x00032344   0x0000001a   Code   RO         4084    i.tx_done_event     nrfx_uart.o
    0x0003235e   0x0003235e   0x0000001a   Code   RO         4278    i.tx_done_event     nrfx_uarte.o
    0x00032378   0x00032378   0x00000030   Code   RO         3350    i.uart_evt_handler  nrf_drv_uart.o
    0x000323a8   0x000323a8   0x0000000c   Code   RO         6437    i.uart_evt_handler  nrf_log_backend_uart.o
    0x000323b4   0x000323b4   0x00000050   Code   RO         6438    i.uart_init         nrf_log_backend_uart.o
    0x00032404   0x00032404   0x0000012a   Code   RO         4085    i.uart_irq_handler  nrfx_uart.o
    0x0003252e   0x0003252e   0x00000002   PAD
    0x00032530   0x00032530   0x00000030   Code   RO         3351    i.uarte_evt_handler  nrf_drv_uart.o
    0x00032560   0x00032560   0x00000112   Code   RO         4279    i.uarte_irq_handler  nrfx_uarte.o
    0x00032672   0x00032672   0x0000000a   Code   RO          840    i.uint16_encode     ble_advdata.o
    0x0003267c   0x0003267c   0x00000020   Code   RO         5939    i.uninit            nrf_fstorage_sd.o
    0x0003269c   0x0003269c   0x000000b4   Code   RO         5803    i.unsigned_print    nrf_fprintf_format.o
    0x00032750   0x00032750   0x000000d0   Code   RO           26    i.update_advertising_manuf_data_whitelist_off  main.o
    0x00032820   0x00032820   0x00000030   Code   RO         1358    i.update_pending_flags_check  gatt_cache_manager.o
    0x00032850   0x00032850   0x00000068   Code   RO         1041    i.update_timeout_handler  ble_conn_params.o
    0x000328b8   0x000328b8   0x00000018   Code   RO          948    i.use_whitelist     ble_advertising.o
    0x000328d0   0x000328d0   0x0000000c   Code   RO         1128    i.user_flag_is_acquired  ble_conn_state.o
    0x000328dc   0x000328dc   0x00000026   Code   RO         1977    i.user_mem_reply    nrf_ble_qwr.o
    0x00032902   0x00032902   0x00000020   Code   RO         4436    i.usr_event         app_button.o
    0x00032922   0x00032922   0x00000030   Code   RO          841    i.uuid_list_encode  ble_advdata.o
    0x00032952   0x00032952   0x0000009e   Code   RO          842    i.uuid_list_sized_encode  ble_advdata.o
    0x000329f0   0x000329f0   0x0000004c   Code   RO          598    i.wakeup_button_cfg  bsp.o
    0x00032a3c   0x00032a3c   0x000000ac   Code   RO           27    i.whitelist_set     main.o
    0x00032ae8   0x00032ae8   0x00000004   Code   RO         5940    i.wmap              nrf_fstorage_sd.o
    0x00032aec   0x00032aec   0x00000050   Code   RO         5941    i.write             nrf_fstorage_sd.o
    0x00032b3c   0x00032b3c   0x0000014c   Code   RO         2183    i.write_buf_store   peer_database.o
    0x00032c88   0x00032c88   0x00000034   Code   RO         2184    i.write_buffer_record_find  peer_database.o
    0x00032cbc   0x00032cbc   0x00000030   Code   RO         2185    i.write_buffer_record_find_next  peer_database.o
    0x00032cec   0x00032cec   0x0000001c   Code   RO         2186    i.write_buffer_record_invalidate  peer_database.o
    0x00032d08   0x00032d08   0x0000002c   Code   RO         2187    i.write_buffer_record_release  peer_database.o
    0x00032d34   0x00032d34   0x000000f4   Code   RO         5134    i.write_enqueue     fds.o
    0x00032e28   0x00032e28   0x000000f8   Code   RO         5135    i.write_execute     fds.o
    0x00032f20   0x00032f20   0x00000018   Code   RO         5136    i.write_space_free  fds.o
    0x00032f38   0x00032f38   0x00000060   Code   RO         5137    i.write_space_reserve  fds.o
    0x00032f98   0x00032f98   0x00000008   Data   RO          481    .constdata          boards.o
    0x00032fa0   0x00032fa0   0x0000002c   Data   RO          603    .constdata          bsp.o
    0x00032fcc   0x00032fcc   0x0000006c   Data   RO         1359    .constdata          gatt_cache_manager.o
    0x00033038   0x00033038   0x00000004   Data   RO         1515    .constdata          gatts_cache_manager.o
    0x0003303c   0x0003303c   0x00000010   Data   RO         1516    .constdata          gatts_cache_manager.o
    0x0003304c   0x0003304c   0x00000004   Data   RO         1517    .constdata          gatts_cache_manager.o
    0x00033050   0x00033050   0x00000008   Data   RO         1624    .constdata          id_manager.o
    0x00033058   0x00033058   0x00000016   Data   RO         1879    .constdata          nrf_ble_gatt.o
    0x0003306e   0x0003306e   0x00000002   PAD
    0x00033070   0x00033070   0x00000018   Data   RO         2052    .constdata          peer_data_storage.o
    0x00033088   0x00033088   0x00000010   Data   RO         2189    .constdata          peer_database.o
    0x00033098   0x00033098   0x0000002c   Data   RO         2428    .constdata          peer_manager.o
    0x000330c4   0x000330c4   0x00000018   Data   RO         2703    .constdata          peer_manager_handler.o
    0x000330dc   0x000330dc   0x00000078   Data   RO         2859    .constdata          security_dispatcher.o
    0x00033154   0x00033154   0x00000008   Data   RO         3003    .constdata          security_manager.o
    0x0003315c   0x0003315c   0x00000008   Data   RO         3730    .constdata          nrfx_gpiote.o
    0x00033164   0x00033164   0x00000004   Data   RO         4088    .constdata          nrfx_uart.o
    0x00033168   0x00033168   0x00000004   Data   RO         4282    .constdata          nrfx_uarte.o
    0x0003316c   0x0003316c   0x00000008   Data   RO         4439    .constdata          app_button.o
    0x00033174   0x00033174   0x00000014   Data   RO         4699    .constdata          app_timer2.o
    0x00033188   0x00033188   0x00000008   PAD
    0x00033190   0x00033190   0x00000006   Data   RO         4939    .constdata          drv_rtc.o
    0x00033196   0x00033196   0x00000002   PAD
    0x00033198   0x00033198   0x00000018   Data   RO         5140    .constdata          fds.o
    0x000331b0   0x000331b0   0x00000010   Data   RO         5804    .constdata          nrf_fprintf_format.o
    0x000331c0   0x000331c0   0x0000005e   Data   RO         5850    .constdata          nrf_fstorage.o
    0x0003321e   0x0003321e   0x00000002   PAD
    0x00033220   0x00033220   0x00000010   Data   RO         5944    .constdata          nrf_fstorage_sd.o
    0x00033230   0x00033230   0x00000020   Data   RO         5945    .constdata          nrf_fstorage_sd.o
    0x00033250   0x00033250   0x00000018   Data   RO         6123    .constdata          nrf_pwr_mgmt.o
    0x00033268   0x00033268   0x0000000c   Data   RO         6124    .constdata          nrf_pwr_mgmt.o
    0x00033274   0x00033274   0x0000013c   Data   RO         6343    .constdata          nrf_strerror.o
    0x000333b0   0x000333b0   0x0000000c   Data   RO         6440    .constdata          nrf_log_backend_uart.o
    0x000333bc   0x000333bc   0x00000020   Data   RO         6441    .constdata          nrf_log_backend_uart.o
    0x000333dc   0x000333dc   0x0000000c   Data   RO         6571    .constdata          nrf_log_frontend.o
    0x000333e8   0x000333e8   0x00000010   Data   RO         7156    .constdata          nrf_sdh.o
    0x000333f8   0x000333f8   0x00000028   Data   RO         7157    .constdata          nrf_sdh.o
    0x00033420   0x00033420   0x00000010   Data   RO         7158    .constdata          nrf_sdh.o
    0x00033430   0x00033430   0x00000010   Data   RO         7159    .constdata          nrf_sdh.o
    0x00033440   0x00033440   0x00000020   Data   RO         7267    .constdata          nrf_sdh_ble.o
    0x00033460   0x00033460   0x00000010   Data   RO         7268    .constdata          nrf_sdh_ble.o
    0x00033470   0x00033470   0x00000010   Data   RO         7318    .constdata          nrf_sdh_soc.o
    0x00033480   0x00033480   0x0000000c   Data   RO         7319    .constdata          nrf_sdh_soc.o
    0x0003348c   0x0003348c   0x00000081   Data   RO         7420    .constdata          mc_w.l(ctype_o.o)
    0x0003350d   0x0003350d   0x00000003   PAD
    0x00033510   0x00033510   0x00000004   Data   RO         7421    .constdata          mc_w.l(ctype_o.o)
    0x00033514   0x00033514   0x000001a4   Data   RO         1360    .conststring        gatt_cache_manager.o
    0x000336b8   0x000336b8   0x0000019c   Data   RO         1518    .conststring        gatts_cache_manager.o
    0x00033854   0x00033854   0x000000f0   Data   RO         1625    .conststring        id_manager.o
    0x00033944   0x00033944   0x000000a2   Data   RO         1880    .conststring        nrf_ble_gatt.o
    0x000339e6   0x000339e6   0x00000002   PAD
    0x000339e8   0x000339e8   0x000000e8   Data   RO         2053    .conststring        peer_data_storage.o
    0x00033ad0   0x00033ad0   0x00000180   Data   RO         2190    .conststring        peer_database.o
    0x00033c50   0x00033c50   0x00000090   Data   RO         2429    .conststring        peer_manager.o
    0x00033ce0   0x00033ce0   0x0000030f   Data   RO         2704    .conststring        peer_manager_handler.o
    0x00033fef   0x00033fef   0x00000001   PAD
    0x00033ff0   0x00033ff0   0x000002b2   Data   RO         2860    .conststring        security_dispatcher.o
    0x000342a2   0x000342a2   0x00000002   PAD
    0x000342a4   0x000342a4   0x0000017b   Data   RO         3004    .conststring        security_manager.o
    0x0003441f   0x0003441f   0x00000001   PAD
    0x00034420   0x00034420   0x0000004f   Data   RO         5851    .conststring        nrf_fstorage.o
    0x0003446f   0x0003446f   0x00000001   PAD
    0x00034470   0x00034470   0x000003eb   Data   RO         6344    .conststring        nrf_strerror.o
    0x0003485b   0x0003485b   0x00000001   PAD
    0x0003485c   0x0003485c   0x00000066   Data   RO         6733    .conststring        nrf_log_str_formatter.o
    0x000348c2   0x000348c2   0x00000002   PAD
    0x000348c4   0x000348c4   0x00000188   Data   RO         7269    .conststring        nrf_sdh_ble.o
    0x00034a4c   0x00034a4c   0x00000011   Data   RO         1361    .conststrlit        gatt_cache_manager.o
    0x00034a5d   0x00034a5d   0x00000003   PAD
    0x00034a60   0x00034a60   0x00000012   Data   RO         1519    .conststrlit        gatts_cache_manager.o
    0x00034a72   0x00034a72   0x00000002   PAD
    0x00034a74   0x00034a74   0x00000010   Data   RO         1626    .conststrlit        id_manager.o
    0x00034a84   0x00034a84   0x00000008   Data   RO         1779    .conststrlit        nrf_ble_bms.o
    0x00034a8c   0x00034a8c   0x0000000d   Data   RO         1881    .conststrlit        nrf_ble_gatt.o
    0x00034a99   0x00034a99   0x00000003   PAD
    0x00034a9c   0x00034a9c   0x00000011   Data   RO         2054    .conststrlit        peer_data_storage.o
    0x00034aad   0x00034aad   0x00000003   PAD
    0x00034ab0   0x00034ab0   0x00000011   Data   RO         2191    .conststrlit        peer_database.o
    0x00034ac1   0x00034ac1   0x00000003   PAD
    0x00034ac4   0x00034ac4   0x0000000d   Data   RO         2430    .conststrlit        peer_manager.o
    0x00034ad1   0x00034ad1   0x00000003   PAD
    0x00034ad4   0x00034ad4   0x00000015   Data   RO         2707    .conststrlit        peer_manager_handler.o
    0x00034ae9   0x00034ae9   0x00000003   PAD
    0x00034aec   0x00034aec   0x00000011   Data   RO         2861    .conststrlit        security_dispatcher.o
    0x00034afd   0x00034afd   0x00000003   PAD
    0x00034b00   0x00034b00   0x00000010   Data   RO         3005    .conststrlit        security_manager.o
    0x00034b10   0x00034b10   0x00000006   Data   RO         3218    .conststrlit        nrf_drv_clock.o
    0x00034b16   0x00034b16   0x00000002   PAD
    0x00034b18   0x00034b18   0x00000006   Data   RO         3557    .conststrlit        nrfx_clock.o
    0x00034b1e   0x00034b1e   0x00000002   PAD
    0x00034b20   0x00034b20   0x00000007   Data   RO         3734    .conststrlit        nrfx_gpiote.o
    0x00034b27   0x00034b27   0x00000001   PAD
    0x00034b28   0x00034b28   0x00000004   Data   RO         4009    .conststrlit        nrfx_prs.o
    0x00034b2c   0x00034b2c   0x00000005   Data   RO         4091    .conststrlit        nrfx_uart.o
    0x00034b31   0x00034b31   0x00000003   PAD
    0x00034b34   0x00034b34   0x00000006   Data   RO         4285    .conststrlit        nrfx_uarte.o
    0x00034b3a   0x00034b3a   0x00000002   PAD
    0x00034b3c   0x00034b3c   0x0000000b   Data   RO         4440    .conststrlit        app_button.o
    0x00034b47   0x00034b47   0x00000001   PAD
    0x00034b48   0x00034b48   0x0000000a   Data   RO         4700    .conststrlit        app_timer2.o
    0x00034b52   0x00034b52   0x00000002   PAD
    0x00034b54   0x00034b54   0x0000000d   Data   RO         5852    .conststrlit        nrf_fstorage.o
    0x00034b61   0x00034b61   0x00000003   PAD
    0x00034b64   0x00034b64   0x00000009   Data   RO         6125    .conststrlit        nrf_pwr_mgmt.o
    0x00034b6d   0x00034b6d   0x00000003   PAD
    0x00034b70   0x00034b70   0x00000009   Data   RO         6290    .conststrlit        nrf_sortlist.o
    0x00034b79   0x00034b79   0x00000003   PAD
    0x00034b7c   0x00034b7c   0x00000011   Data   RO         6506    .conststrlit        nrf_log_default_backends.o
    0x00034b8d   0x00034b8d   0x00000003   PAD
    0x00034b90   0x00034b90   0x00000004   Data   RO         6572    .conststrlit        nrf_log_frontend.o
    0x00034b94   0x00034b94   0x00000008   Data   RO         7160    .conststrlit        nrf_sdh.o
    0x00034b9c   0x00034b9c   0x0000000c   Data   RO         7270    .conststrlit        nrf_sdh_ble.o
    0x00034ba8   0x00034ba8   0x0000000c   Data   RO         7320    .conststrlit        nrf_sdh_soc.o
    0x00034bb4   0x00034bb4   0x00000020   Data   RO         7481    Region$$Table       anon$$obj.o
    0x00034bd4   0x00034bd4   0x00000010   Data   RO         6508    log_backends        nrf_log_default_backends.o
    0x00034be4   0x00034be4   0x00000008   Data   RO         1363    log_const_data      gatt_cache_manager.o
    0x00034bec   0x00034bec   0x00000008   Data   RO         1521    log_const_data      gatts_cache_manager.o
    0x00034bf4   0x00034bf4   0x00000008   Data   RO         1628    log_const_data      id_manager.o
    0x00034bfc   0x00034bfc   0x00000008   Data   RO         1780    log_const_data      nrf_ble_bms.o
    0x00034c04   0x00034c04   0x00000008   Data   RO         1882    log_const_data      nrf_ble_gatt.o
    0x00034c0c   0x00034c0c   0x00000008   Data   RO         2056    log_const_data      peer_data_storage.o
    0x00034c14   0x00034c14   0x00000008   Data   RO         2193    log_const_data      peer_database.o
    0x00034c1c   0x00034c1c   0x00000008   Data   RO         2432    log_const_data      peer_manager.o
    0x00034c24   0x00034c24   0x00000008   Data   RO         2710    log_const_data      peer_manager_handler.o
    0x00034c2c   0x00034c2c   0x00000008   Data   RO         2863    log_const_data      security_dispatcher.o
    0x00034c34   0x00034c34   0x00000008   Data   RO         3007    log_const_data      security_manager.o
    0x00034c3c   0x00034c3c   0x00000008   Data   RO         3219    log_const_data      nrf_drv_clock.o
    0x00034c44   0x00034c44   0x00000008   Data   RO         3559    log_const_data      nrfx_clock.o
    0x00034c4c   0x00034c4c   0x00000008   Data   RO         3735    log_const_data      nrfx_gpiote.o
    0x00034c54   0x00034c54   0x00000008   Data   RO         4011    log_const_data      nrfx_prs.o
    0x00034c5c   0x00034c5c   0x00000008   Data   RO         4092    log_const_data      nrfx_uart.o
    0x00034c64   0x00034c64   0x00000008   Data   RO         4286    log_const_data      nrfx_uarte.o
    0x00034c6c   0x00034c6c   0x00000008   Data   RO         4442    log_const_data      app_button.o
    0x00034c74   0x00034c74   0x00000008   Data   RO         4703    log_const_data      app_timer2.o
    0x00034c7c   0x00034c7c   0x00000008   Data   RO         5853    log_const_data      nrf_fstorage.o
    0x00034c84   0x00034c84   0x00000008   Data   RO         6127    log_const_data      nrf_pwr_mgmt.o
    0x00034c8c   0x00034c8c   0x00000008   Data   RO         6291    log_const_data      nrf_sortlist.o
    0x00034c94   0x00034c94   0x00000008   Data   RO         6576    log_const_data      nrf_log_frontend.o
    0x00034c9c   0x00034c9c   0x00000008   Data   RO         7162    log_const_data      nrf_sdh.o
    0x00034ca4   0x00034ca4   0x00000008   Data   RO         7272    log_const_data      nrf_sdh_ble.o
    0x00034cac   0x00034cac   0x00000008   Data   RO         7321    log_const_data      nrf_sdh_soc.o
    0x00034cb4   0x00034cb4   0x00000014   Data   RO         6577    nrf_balloc          nrf_log_frontend.o
    0x00034cc8   0x00034cc8   0x00000008   Data   RO         1130    sdh_ble_observers0  ble_conn_state.o
    0x00034cd0   0x00034cd0   0x00000010   Data   RO           30    sdh_ble_observers1  main.o
    0x00034ce0   0x00034ce0   0x00000008   Data   RO          706    sdh_ble_observers1  bsp_btn_ble.o
    0x00034ce8   0x00034ce8   0x00000008   Data   RO         1044    sdh_ble_observers1  ble_conn_params.o
    0x00034cf0   0x00034cf0   0x00000008   Data   RO         2433    sdh_ble_observers1  peer_manager.o
    0x00034cf8   0x00034cf8   0x00000010   Data   RO           31    sdh_ble_observers2  main.o
    0x00034d08   0x00034d08   0x00000008   Data   RO           32    sdh_ble_observers3  main.o
    0x00034d10   0x00034d10   0x00000008   Data   RO         5947    sdh_req_observers0  nrf_fstorage_sd.o
    0x00034d18   0x00034d18   0x00000008   Data   RO         3220    sdh_soc_observers0  nrf_drv_clock.o
    0x00034d20   0x00034d20   0x00000008   Data   RO         5948    sdh_soc_observers0  nrf_fstorage_sd.o
    0x00034d28   0x00034d28   0x00000008   Data   RO         7273    sdh_stack_observers0  nrf_sdh_ble.o
    0x00034d30   0x00034d30   0x00000008   Data   RO         7322    sdh_stack_observers0  nrf_sdh_soc.o
    0x00034d38   0x00034d38   0x00000008   Data   RO         3221    sdh_state_observers0  nrf_drv_clock.o
    0x00034d40   0x00034d40   0x00000008   Data   RO         5949    sdh_state_observers0  nrf_fstorage_sd.o


    Execution Region RW_IRAM1 (Exec base: 0x20002260, Load base: 0x00034d48, Size: 0x00003678, Max: 0x0003dda0, ABSOLUTE, COMPRESSED[0x000000a0])

    Exec Addr    Load Addr    Size         Type   Attr      Idx    E Section Name        Object

    0x20002260   COMPRESSED   0x0000000c   Data   RW           29    .data               main.o
    0x2000226c   COMPRESSED   0x00000010   Data   RW          604    .data               bsp.o
    0x2000227c   COMPRESSED   0x00000008   Data   RW          705    .data               bsp_btn_ble.o
    0x20002284   COMPRESSED   0x00000008   Data   RW         1043    .data               ble_conn_params.o
    0x2000228c   COMPRESSED   0x00000010   Data   RW         1362    .data               gatt_cache_manager.o
    0x2000229c   COMPRESSED   0x0000000c   Data   RW         1520    .data               gatts_cache_manager.o
    0x200022a8   COMPRESSED   0x00000001   Data   RW         1627    .data               id_manager.o
    0x200022a9   COMPRESSED   0x00000003   PAD
    0x200022ac   COMPRESSED   0x0000000c   Data   RW         2055    .data               peer_data_storage.o
    0x200022b8   COMPRESSED   0x00000008   Data   RW         2192    .data               peer_database.o
    0x200022c0   COMPRESSED   0x00000010   Data   RW         2431    .data               peer_manager.o
    0x200022d0   COMPRESSED   0x00000060   Data   RW         2708    .data               peer_manager_handler.o
    0x20002330   COMPRESSED   0x00000005   Data   RW         2862    .data               security_dispatcher.o
    0x20002335   COMPRESSED   0x00000003   PAD
    0x20002338   COMPRESSED   0x00000015   Data   RW         3006    .data               security_manager.o
    0x2000234d   COMPRESSED   0x00000001   PAD
    0x2000234e   COMPRESSED   0x0000004a   Data   RW         3158    .data               ble_dis.o
    0x20002398   COMPRESSED   0x00000014   Data   RW         3352    .data               nrf_drv_uart.o
    0x200023ac   COMPRESSED   0x00000008   Data   RW         3558    .data               nrfx_clock.o
    0x200023b4   COMPRESSED   0x00000008   Data   RW         4010    .data               nrfx_prs.o
    0x200023bc   COMPRESSED   0x00000004   PAD
    0x200023c0   COMPRESSED   0x00000018   Data   RW         4441    .data               app_button.o
    0x200023d8   COMPRESSED   0x00000020   Data   RW         4701    .data               app_timer2.o
    0x200023f8   COMPRESSED   0x00000004   Data   RW         4702    .data               app_timer2.o
    0x200023fc   COMPRESSED   0x0000000c   Data   RW         4940    .data               drv_rtc.o
    0x20002408   COMPRESSED   0x00000030   Data   RW         5141    .data               fds.o
    0x20002438   COMPRESSED   0x00000008   Data   RW         5946    .data               nrf_fstorage_sd.o
    0x20002440   COMPRESSED   0x00000008   Data   RW         6126    .data               nrf_pwr_mgmt.o
    0x20002448   COMPRESSED   0x00000018   Data   RW         6442    .data               nrf_log_backend_uart.o
    0x20002460   COMPRESSED   0x00000008   Data   RW         6507    .data               nrf_log_default_backends.o
    0x20002468   COMPRESSED   0x00000004   Data   RW         6573    .data               nrf_log_frontend.o
    0x2000246c   COMPRESSED   0x00000008   Data   RW         6574    .data               nrf_log_frontend.o
    0x20002474   COMPRESSED   0x00000008   Data   RW         6575    .data               nrf_log_frontend.o
    0x2000247c   COMPRESSED   0x00000040   Data   RW         6734    .data               nrf_log_str_formatter.o
    0x200024bc   COMPRESSED   0x00000003   Data   RW         7161    .data               nrf_sdh.o
    0x200024bf   COMPRESSED   0x00000001   Data   RW         7271    .data               nrf_sdh_ble.o
    0x200024c0   COMPRESSED   0x00000004   Data   RW         7361    .data               system_nrf52840.o
    0x200024c4   COMPRESSED   0x00000014   Data   RW         5142    fs_data             fds.o
    0x200024d8        -       0x000006d4   Zero   RW           28    .bss                main.o
    0x20002bac   COMPRESSED   0x00000004   PAD
    0x20002bb0        -       0x00000020   Zero   RW          599    .bss                bsp.o
    0x20002bd0        -       0x00000020   Zero   RW          600    .bss                bsp.o
    0x20002bf0        -       0x0000000c   Zero   RW          601    .bss                bsp.o
    0x20002bfc   COMPRESSED   0x00000004   PAD
    0x20002c00        -       0x00000020   Zero   RW          602    .bss                bsp.o
    0x20002c20        -       0x00000050   Zero   RW         1042    .bss                ble_conn_params.o
    0x20002c70        -       0x0000007c   Zero   RW         1129    .bss                ble_conn_state.o
    0x20002cec        -       0x000000d8   Zero   RW         1623    .bss                id_manager.o
    0x20002dc4        -       0x00000180   Zero   RW         2188    .bss                peer_database.o
    0x20002f44        -       0x00000040   Zero   RW         2304    .bss                peer_id.o
    0x20002f84        -       0x0000000c   Zero   RW         2427    .bss                peer_manager.o
    0x20002f90        -       0x00000020   Zero   RW         2700    .bss                peer_manager_handler.o
    0x20002fb0        -       0x00000040   Zero   RW         2858    .bss                security_dispatcher.o
    0x20002ff0        -       0x00000014   Zero   RW         3213    .bss                nrf_drv_clock.o
    0x20003004        -       0x0000006c   Zero   RW         3729    .bss                nrfx_gpiote.o
    0x20003070        -       0x0000002c   Zero   RW         4086    .bss                nrfx_uart.o
    0x2000309c        -       0x00000024   Zero   RW         4280    .bss                nrfx_uarte.o
    0x200030c0        -       0x00000020   Zero   RW         4437    .bss                app_button.o
    0x200030e0        -       0x00000020   Zero   RW         4438    .bss                app_button.o
    0x20003100        -       0x00000010   Zero   RW         4697    .bss                app_timer2.o
    0x20003110        -       0x00000058   Zero   RW         4698    .bss                app_timer2.o
    0x20003168        -       0x0000000c   Zero   RW         4827    .bss                app_util_platform.o
    0x20003174        -       0x00000010   Zero   RW         5138    .bss                fds.o
    0x20003184        -       0x000000e0   Zero   RW         5139    .bss                fds.o
    0x20003264        -       0x00000010   Zero   RW         5942    .bss                nrf_fstorage_sd.o
    0x20003274        -       0x000000a0   Zero   RW         5943    .bss                nrf_fstorage_sd.o
    0x20003314        -       0x0000000c   Zero   RW         6122    .bss                nrf_pwr_mgmt.o
    0x20003320        -       0x00000040   Zero   RW         6439    .bss                nrf_log_backend_uart.o
    0x20003360        -       0x000000c0   Zero   RW         6567    .bss                nrf_log_frontend.o
    0x20003420        -       0x00000080   Zero   RW         6568    .bss                nrf_log_frontend.o
    0x200034a0        -       0x00000018   Zero   RW         6569    .bss                nrf_log_frontend.o
    0x200034b8        -       0x00000420   Zero   RW         6570    .bss                nrf_log_frontend.o
    0x200038d8        -       0x00002000   Zero   RW         7349    STACK               arm_startup_nrf52840.o


==============================================================================

Image component sizes


      Code (inc. data)   RO Data    RW Data    ZI Data      Debug   Object Name

       664         66         27         24         64      17738   app_button.o
        22          0          0          0          0       2509   app_error.o
       132         46          0          0          0      34121   app_error_weak.o
         0          0          0          0          0      37170   app_scheduler.o
       846         88         38         36        104      16553   app_timer2.o
       124         14          0          0         12      10666   app_util_platform.o
        36          8        512          0       8192        932   arm_startup_nrf52840.o
      1338          0          0          0          0      53360   ble_advdata.o
      1432         86          0          0          0      13980   ble_advertising.o
       636         44          8          8         80       9279   ble_conn_params.o
       772         62          8          0        124      15597   ble_conn_state.o
       530         12          0         74          0       5559   ble_dis.o
       474          6          0          0          0       4099   ble_srv_common.o
       440         46          8          0          0      14931   boards.o
      1016         88         44         16        108      15963   bsp.o
       188         10          8          8          0       4812   bsp_btn_ble.o
       704         76          6         12          0      48545   drv_rtc.o
      3872        348         24         68        240      50566   fds.o
      2152        552        553         16          0      33783   gatt_cache_manager.o
       686         84        462         12          0      16579   gatts_cache_manager.o
      1606        108        272          1        216      19866   id_manager.o
      2828        856         40         12       1748     221190   main.o
       342          0          0          0          0       6678   nrf_atfifo.o
       170          0          0          0          0       4800   nrf_atflags.o
       332          0          0          0          0      10090   nrf_atomic.o
       164          0          0          0          0       3616   nrf_balloc.o
      1460        294         16          0          0      51583   nrf_ble_bms.o
       922        272        205          0          0      37219   nrf_ble_gatt.o
       798          0          0          0          0       9161   nrf_ble_qwr.o
       312         36         30          0         20      43736   nrf_drv_clock.o
       200         26          0         20          0      17788   nrf_drv_uart.o
        50          0          0          0          0       3513   nrf_fprintf.o
       866          4         16          0          0       6534   nrf_fprintf_format.o
       972        432        194          0          0       7992   nrf_fstorage.o
       798         82         72          8        176      15939   nrf_fstorage_sd.o
       200          0          0          0          0      11593   nrf_log_backend_serial.o
       232         44         44         24         64      15858   nrf_log_backend_uart.o
        28          4         33          8          0       3333   nrf_log_default_backends.o
      1516        128         44         20       1400      31396   nrf_log_frontend.o
       570        108        102         64          0       5636   nrf_log_str_formatter.o
       346          0          0          0          0       9535   nrf_memobj.o
       108         16         53          8         12      40018   nrf_pwr_mgmt.o
        28          0          0          0          0       2351   nrf_ringbuf.o
       560         60        104          3          0      45260   nrf_sdh.o
       672        232        468          1          0       5845   nrf_sdh_ble.o
        60          4         56          0          0       2456   nrf_sdh_soc.o
        78          0          0          0          0       2768   nrf_section_iter.o
        84          0         17          0          0       4089   nrf_sortlist.o
        76         10       1319          0          0       2727   nrf_strerror.o
       242         32         14          8          0      47020   nrfx_clock.o
      1386        108         23          0        108      66673   nrfx_gpiote.o
       112         16         12          8          0       4464   nrfx_prs.o
      1354         48         17          0         44      31505   nrfx_uart.o
      1356         48         18          0         36      26943   nrfx_uarte.o
      1180        144        281         12          0      17340   peer_data_storage.o
      1434        260        425          8        384      19434   peer_database.o
       346         42          0          0         64       9819   peer_id.o
      2166        498        217         16         12      27421   peer_manager.o
      1962        860        836         96         32      11398   peer_manager_handler.o
       234          0          0          0          0       5423   pm_buffer.o
      1944        268        835          5         64      26871   security_dispatcher.o
      1372        122        411         21          0      54514   security_manager.o
       468         62          0          4          0      12803   system_nrf52840.o

    ----------------------------------------------------------------------
     48080       6860       7976        632      13312    1410940   Object Totals
         0          0         32          0          0          0   (incl. Generated)
        82          0         72         11          8          0   (incl. Padding)

    ----------------------------------------------------------------------

      Code (inc. data)   RO Data    RW Data    ZI Data      Debug   Library Member Name

        86          0          0          0          0          0   __dczerorl2.o
         8          4        133          0          0         68   ctype_o.o
         0          0          0          0          0          0   entry.o
         0          0          0          0          0          0   entry10a.o
         0          0          0          0          0          0   entry11a.o
         8          4          0          0          0          0   entry2.o
         4          0          0          0          0          0   entry5.o
         0          0          0          0          0          0   entry7b.o
         0          0          0          0          0          0   entry8b.o
         8          4          0          0          0          0   entry9a.o
        30          0          0          0          0          0   handlers.o
        36          8          0          0          0         68   init.o
        30          0          0          0          0         68   llshl.o
        32          0          0          0          0         68   llushr.o
        26          0          0          0          0         80   memcmp.o
        36          0          0          0          0         68   memcpya.o
        36          0          0          0          0        108   memseta.o
        14          0          0          0          0         68   strlen.o
        98          0          0          0          0         92   uldiv.o

    ----------------------------------------------------------------------
       456         20        136          0          0        688   Library Totals
         4          0          3          0          0          0   (incl. Padding)

    ----------------------------------------------------------------------

      Code (inc. data)   RO Data    RW Data    ZI Data      Debug   Library Name

       452         20        133          0          0        688   mc_w.l

    ----------------------------------------------------------------------
       456         20        136          0          0        688   Library Totals

    ----------------------------------------------------------------------

==============================================================================


      Code (inc. data)   RO Data    RW Data    ZI Data      Debug   

     48536       6880       8112        632      13312    1352704   Grand Totals
     48536       6880       8112        160      13312    1352704   ELF Image Totals (compressed)
     48536       6880       8112        160          0          0   ROM Totals

==============================================================================

    Total RO  Size (Code + RO Data)                56648 (  55.32kB)
    Total RW  Size (RW Data + ZI Data)             13944 (  13.62kB)
    Total ROM Size (Code + RO Data + RW Data)      56808 (  55.48kB)

==============================================================================

